Archive member included to satisfy reference by file (symbol)

../../../../../../../PLAT/gccout/ec7xx_0h00_ec716e/ap/bootloader/lib/libstartup.a(prec_init.o)
                              (--whole-archive)
../../../../../../../PLAT/gccout/ec7xx_0h00_ec716e/ap/bootloader/lib/libstartup.a(syscalls.o)
                              (--whole-archive)
../../../../../../../PLAT/gccout/ec7xx_0h00_ec716e/ap/bootloader/lib/libstartup.a(system_ec7xx.o)
                              (--whole-archive)
../../../../../../../PLAT/gccout/ec7xx_0h00_ec716e/ap/bootloader/lib/libstartup.a(startup_ec7xx_gcc.o)
                              (--whole-archive)
../../../../../../../PLAT/gccout/ec7xx_0h00_ec716e/ap/bootloader/lib/libdriver.a(plat_config.o)
                              (--whole-archive)
../../../../../../../PLAT/gccout/ec7xx_0h00_ec716e/ap/bootloader/lib/libdriver.a(hal_pwrkey.o)
                              (--whole-archive)
../../../../../../../PLAT/gccout/ec7xx_0h00_ec716e/ap/bootloader/lib/libdriver.a(hal_misc.o)
                              (--whole-archive)
../../../../../../../PLAT/gccout/ec7xx_0h00_ec716e/ap/bootloader/lib/libdriver.a(ec_string.o)
                              (--whole-archive)
../../../../../../../PLAT/gccout/ec7xx_0h00_ec716e/ap/bootloader/lib/libdriver.a(gpio.o)
                              (--whole-archive)
../../../../../../../PLAT/gccout/ec7xx_0h00_ec716e/ap/bootloader/lib/libdriver.a(pad.o)
                              (--whole-archive)
../../../../../../../PLAT/gccout/ec7xx_0h00_ec716e/ap/bootloader/lib/libdriver.a(wdt.o)
                              (--whole-archive)
../../../../../../../PLAT/gccout/ec7xx_0h00_ec716e/ap/bootloader/lib/libdriver.a(oneWire.o)
                              (--whole-archive)
../../../../../../../PLAT/gccout/ec7xx_0h00_ec716e/ap/bootloader/lib/libdriver.a(clock.o)
                              (--whole-archive)
../../../../../../../PLAT/gccout/ec7xx_0h00_ec716e/ap/bootloader/lib/libdriver.a(usbd_proc_cb_custom.o)
                              (--whole-archive)
../../../../../../../PLAT/gccout/ec7xx_0h00_ec716e/ap/bootloader/lib/libdriver.a(usbd_multi_usrcfg_custom.o)
                              (--whole-archive)
../../../../../../../PLAT/gccout/ec7xx_0h00_ec716e/ap/bootloader/lib/libdriver.a(usb_bl_api.o)
                              (--whole-archive)
../../../../../../../PLAT/gccout/ec7xx_0h00_ec716e/ap/bootloader/lib/libdriver.a(usb_bl_test.o)
                              (--whole-archive)
../../../../../../../PLAT/gccout/ec7xx_0h00_ec716e/ap/bootloader/lib/libdriver.a(function_vcom_inherent.o)
                              (--whole-archive)
../../../../../../../PLAT/gccout/ec7xx_0h00_ec716e/ap/bootloader/lib/libdriver.a(function_vcom_custp1.o)
                              (--whole-archive)
../../../../../../../PLAT/gccout/ec7xx_0h00_ec716e/ap/bootloader/lib/libdriver.a(function_vcom_custp2.o)
                              (--whole-archive)
../../../../../../../PLAT/gccout/ec7xx_0h00_ec716e/ap/bootloader/lib/libdriver.a(memcpy-armv7m.o)
                              (--whole-archive)
../../../../../../../PLAT/gccout/ec7xx_0h00_ec716e/ap/bootloader/lib/libmiddleware_ec.a(mw_aal_hash.o)
                              (--whole-archive)
../../../../../../../PLAT/gccout/ec7xx_0h00_ec716e/ap/bootloader/lib/libmiddleware_ec.a(nvram.o)
                              (--whole-archive)
../../../../../../../PLAT/gccout/ec7xx_0h00_ec716e/ap/bootloader/lib/libmiddleware_ec.a(fota_utils.o)
                              (--whole-archive)
../../../../../../../PLAT/gccout/ec7xx_0h00_ec716e/ap/bootloader/lib/libmiddleware_ec.a(fota_nvm.o)
                              (--whole-archive)
../../../../../../../PLAT/gccout/ec7xx_0h00_ec716e/ap/bootloader/lib/libmiddleware_ec.a(fota_zipcodec.o)
                              (--whole-archive)
../../../../../../../PLAT/gccout/ec7xx_0h00_ec716e/ap/bootloader/lib/libmiddleware_ec.a(fota_entry.o)
                              (--whole-archive)
../../../../../../../PLAT/gccout/ec7xx_0h00_ec716e/ap/bootloader/lib/libmiddleware_ec.a(fota_mem.o)
                              (--whole-archive)
../../../../../../../PLAT/gccout/ec7xx_0h00_ec716e/ap/bootloader/lib/libmiddleware_ec.a(fota_custom.o)
                              (--whole-archive)
../../../../../../../PLAT/gccout/ec7xx_0h00_ec716e/ap/bootloader/lib/libmiddleware_ec.a(fota_chksum.o)
                              (--whole-archive)
../../../../../../../PLAT/gccout/ec7xx_0h00_ec716e/ap/bootloader/lib/liblzma.a(LzFindOpt.o)
                              (--whole-archive)
../../../../../../../PLAT/gccout/ec7xx_0h00_ec716e/ap/bootloader/lib/liblzma.a(Bra86.o)
                              (--whole-archive)
../../../../../../../PLAT/gccout/ec7xx_0h00_ec716e/ap/bootloader/lib/liblzma.a(Bcj2Enc.o)
                              (--whole-archive)
[...]
Memory Configuration

Name             Origin             Length             Attributes
ASMB_AREA_REMAP  0x00000000         0x00010000         xrw
MSMB_AREA        0x00400000         0x00100000         xrw
FLASH_AREA       0x00803000         0x00018000         xr
CSMB_AREA        0x00200000         0x00010000         xrw
*default*        0x00000000         0xffffffff

Linker script and memory map

LOAD c:/gcc/bin/../lib/gcc/arm-none-eabi/10.2.1/thumb/v7-m/nofp/crti.o
LOAD c:/gcc/bin/../lib/gcc/arm-none-eabi/10.2.1/thumb/v7-m/nofp/crtbegin.o
LOAD c:/gcc/bin/../lib/gcc/arm-none-eabi/10.2.1/../../../../arm-none-eabi/lib/thumb/v7-m/nofp/crt0.o
LOAD ../../../../../../../PLAT/gccout/ec7xx_0h00_ec716e/ap/bootloader/PLAT/project/ec7xx_0h00/ap/apps/bootloader/code/main/ec_main.o
LOAD ap_bootloader.elf.lto.o
LOAD C:\Users\z\AppData\Local\Temp\cc7YGWNk.debug.temp.o
LOAD C:\Users\z\AppData\Local\Temp\ccqMPcjK.debug.temp.o
LOAD C:\Users\z\AppData\Local\Temp\ccJd7488.debug.temp.o
LOAD C:\Users\z\AppData\Local\Temp\ccwmvNfy.debug.temp.o
LOAD C:\Users\z\AppData\Local\Temp\ccbNKPdX.debug.temp.o
LOAD C:\Users\z\AppData\Local\Temp\ccOCN2hl.debug.temp.o
LOAD C:\Users\z\AppData\Local\Temp\ccjSXLMJ.debug.temp.o
LOAD C:\Users\z\AppData\Local\Temp\ccWTuNo7.debug.temp.o
LOAD C:\Users\z\AppData\Local\Temp\cc1nhHUu.debug.temp.o
LOAD C:\Users\z\AppData\Local\Temp\ccYlxVVS.debug.temp.o
LOAD C:\Users\z\AppData\Local\Temp\cchT3TJk.debug.temp.o
LOAD C:\Users\z\AppData\Local\Temp\ccAYV4KM.debug.temp.o
LOAD C:\Users\z\AppData\Local\Temp\cc1FxQPe.debug.temp.o
LOAD C:\Users\z\AppData\Local\Temp\ccG4PSKG.debug.temp.o
LOAD C:\Users\z\AppData\Local\Temp\ccX6kUW7.debug.temp.o
LOAD C:\Users\z\AppData\Local\Temp\cccskaZy.debug.temp.o
LOAD C:\Users\z\AppData\Local\Temp\cclk4Kw0.debug.temp.o
LOAD C:\Users\z\AppData\Local\Temp\ccITuCUr.debug.temp.o
LOAD C:\Users\z\AppData\Local\Temp\ccdbWXkS.debug.temp.o
LOAD C:\Users\z\AppData\Local\Temp\ccG1jQbj.debug.temp.o
LOAD C:\Users\z\AppData\Local\Temp\cc9dtXSJ.debug.temp.o
LOAD C:\Users\z\AppData\Local\Temp\ccYBMJU9.debug.temp.o
LOAD C:\Users\z\AppData\Local\Temp\cc1GMMMz.debug.temp.o
LOAD C:\Users\z\AppData\Local\Temp\ccWxFAVZ.debug.temp.o
LOAD C:\Users\z\AppData\Local\Temp\cc30o71t.debug.temp.o
LOAD C:\Users\z\AppData\Local\Temp\ccSoqQYX.debug.temp.o
LOAD C:\Users\z\AppData\Local\Temp\ccXMR8ls.debug.temp.o
LOAD C:\Users\z\AppData\Local\Temp\ccE07qEW.debug.temp.o
LOAD C:\Users\z\AppData\Local\Temp\ccX59Q2p.debug.temp.o
LOAD C:\Users\z\AppData\Local\Temp\ccYh4qET.debug.temp.o
LOAD C:\Users\z\AppData\Local\Temp\cclF8FAm.debug.temp.o
LOAD C:\Users\z\AppData\Local\Temp\cc6AuKNP.debug.temp.o
LOAD C:\Users\z\AppData\Local\Temp\cctmFOVi.debug.temp.o
LOAD C:\Users\z\AppData\Local\Temp\cc4YFn6K.debug.temp.o
LOAD C:\Users\z\AppData\Local\Temp\ccNLLJxd.debug.temp.o
LOAD C:\Users\z\AppData\Local\Temp\ccMGTo0J.debug.temp.o
LOAD C:\Users\z\AppData\Local\Temp\cc9hvZKg.debug.temp.o
LOAD C:\Users\z\AppData\Local\Temp\ccm6NJBM.debug.temp.o
LOAD C:\Users\z\AppData\Local\Temp\ccbKVtni.debug.temp.o
LOAD C:\Users\z\AppData\Local\Temp\cc8x80pO.debug.temp.o
LOAD C:\Users\z\AppData\Local\Temp\ccNu8Mzj.debug.temp.o
LOAD C:\Users\z\AppData\Local\Temp\cccBhJWO.debug.temp.o
LOAD C:\Users\z\AppData\Local\Temp\ccHmccDj.debug.temp.o
LOAD C:\Users\z\AppData\Local\Temp\ccO9vCBO.debug.temp.o
LOAD C:\Users\z\AppData\Local\Temp\ccB0QPmn.debug.temp.o
LOAD C:\Users\z\AppData\Local\Temp\cc0eSLoW.debug.temp.o
LOAD C:\Users\z\AppData\Local\Temp\ccLMjzkv.debug.temp.o
LOAD C:\Users\z\AppData\Local\Temp\ccKfXFn3.debug.temp.o
LOAD C:\Users\z\AppData\Local\Temp\ccRSFzHB.debug.temp.o
LOAD C:\Users\z\AppData\Local\Temp\cckHy8l9.debug.temp.o
LOAD C:\Users\z\AppData\Local\Temp\ccxFARdH.debug.temp.o
LOAD C:\Users\z\AppData\Local\Temp\cc43UFbe.debug.temp.o
LOAD C:\Users\z\AppData\Local\Temp\ccROof9K.debug.temp.o
LOAD C:\Users\z\AppData\Local\Temp\ccKg31ji.debug.temp.o
LOAD C:\Users\z\AppData\Local\Temp\ccjMIBhT.debug.temp.o
LOAD C:\Users\z\AppData\Local\Temp\ccI0ZVvu.debug.temp.o
LOAD C:\Users\z\AppData\Local\Temp\cctqrV44.debug.temp.o
LOAD C:\Users\z\AppData\Local\Temp\ccY3nTVF.debug.temp.o
LOAD C:\Users\z\AppData\Local\Temp\ccttJFGg.debug.temp.o
LOAD C:\Users\z\AppData\Local\Temp\cccOgLyQ.debug.temp.o
LOAD C:\Users\z\AppData\Local\Temp\ccFiX0Dq.debug.temp.o
LOAD C:\Users\z\AppData\Local\Temp\ccsdWlPZ.debug.temp.o
LOAD C:\Users\z\AppData\Local\Temp\cc7Bo1vz.debug.temp.o
LOAD C:\Users\z\AppData\Local\Temp\ccs4RtZc.debug.temp.o
LOAD C:\Users\z\AppData\Local\Temp\ccpmaWnQ.debug.temp.o
LOAD C:\Users\z\AppData\Local\Temp\cc0I8l4t.debug.temp.o
LOAD C:\Users\z\AppData\Local\Temp\ccFzn9L6.debug.temp.o
LOAD C:\Users\z\AppData\Local\Temp\cccU5gZJ.debug.temp.o
LOAD C:\Users\z\AppData\Local\Temp\ccjbvCjm.debug.temp.o
LOAD C:\Users\z\AppData\Local\Temp\ccOOBPxY.debug.temp.o
LOAD C:\Users\z\AppData\Local\Temp\cc3f6X8A.debug.temp.o
LOAD C:\Users\z\AppData\Local\Temp\cciLWUOd.debug.temp.o
LOAD C:\Users\z\AppData\Local\Temp\ccvBeewP.debug.temp.o
LOAD C:\Users\z\AppData\Local\Temp\cce8vw8q.debug.temp.o
LOAD C:\Users\z\AppData\Local\Temp\ccb6TI22.debug.temp.o
LOAD C:\Users\z\AppData\Local\Temp\ccaBYWEI.debug.temp.o
LOAD C:\Users\z\AppData\Local\Temp\ccL7tbQo.debug.temp.o
LOAD C:\Users\z\AppData\Local\Temp\ccARA9T3.debug.temp.o
LOAD C:\Users\z\AppData\Local\Temp\cch1ODoJ.debug.temp.o
LOAD ../../../../../../../PLAT/gccout/ec7xx_0h00_ec716e/ap/bootloader/PLAT/project/ec7xx_0h00/ap/apps/bootloader/code/main/bl_uart.o
LOAD ../../../../../../../PLAT/gccout/ec7xx_0h00_ec716e/ap/bootloader/PLAT/project/ec7xx_0h00/ap/apps/bootloader/code/main/bl_print.o
LOAD ../../../../../../../PLAT/gccout/ec7xx_0h00_ec716e/ap/bootloader/PLAT/project/ec7xx_0h00/ap/apps/bootloader/code/main/stub_os.o
LOAD ../../../../../../../PLAT/gccout/ec7xx_0h00_ec716e/ap/bootloader/PLAT/project/ec7xx_0h00/ap/apps/bootloader/code/common/image/image.o
LOAD ../../../../../../../PLAT/gccout/ec7xx_0h00_ec716e/ap/bootloader/PLAT/project/ec7xx_0h00/ap/apps/bootloader/code/common/secure/hash/src/sha256.o
LOAD ../../../../../../../PLAT/gccout/ec7xx_0h00_ec716e/ap/bootloader/PLAT/project/ec7xx_0h00/ap/apps/bootloader/code/except/exception_handler.o
START GROUP
LOAD ../../../../../../../PLAT/gccout/ec7xx_0h00_ec716e/ap/bootloader/lib/libstartup.a
LOAD ../../../../../../../PLAT/gccout/ec7xx_0h00_ec716e/ap/bootloader/lib/libdriver.a
LOAD ../../../../../../../PLAT/gccout/ec7xx_0h00_ec716e/ap/bootloader/lib/libmiddleware_ec.a
LOAD ../../../../../../../PLAT/gccout/ec7xx_0h00_ec716e/ap/bootloader/lib/liblzma.a
LOAD ../../../../../../../PLAT/gccout/ec7xx_0h00_ec716e/ap/bootloader/lib/libuecc.a
LOAD ../../../../../../../PLAT/prebuild/PLAT/lib/gcc/ec716e/ram/libosa.a
LOAD ../../../../../../../PLAT/prebuild/PLAT/lib/gcc/ec716e/ram/libmiddleware_ec_private.a
LOAD ../../../../../../../PLAT/prebuild/PLAT/lib/gcc/ec716e/ram/libfota.a
LOAD ../../../../../../../PLAT/prebuild/PLAT/lib/gcc/ec716e/ram/libdeltapatch2.a
LOAD ../../../../../../../PLAT/prebuild/PLAT/lib/gcc/ec716e/ram/libdriver_private_bl.a
LOAD ../../../../../../../PLAT/prebuild/PLAT/lib/gcc/ec716e/ram/libbootloader.a
LOAD ../../../../../../../PLAT/prebuild/PLAT/lib/gcc/ec716e/ram/libusbbl_priv.a
END GROUP
START GROUP
LOAD c:/gcc/bin/../lib/gcc/arm-none-eabi/10.2.1/thumb/v7-m/nofp\libgcc.a
LOAD c:/gcc/bin/../lib/gcc/arm-none-eabi/10.2.1/../../../../arm-none-eabi/lib/thumb/v7-m/nofp\libc_nano.a
END GROUP
START GROUP
LOAD c:/gcc/bin/../lib/gcc/arm-none-eabi/10.2.1/thumb/v7-m/nofp\libgcc.a
LOAD c:/gcc/bin/../lib/gcc/arm-none-eabi/10.2.1/../../../../arm-none-eabi/lib/thumb/v7-m/nofp\libc_nano.a
END GROUP
LOAD c:/gcc/bin/../lib/gcc/arm-none-eabi/10.2.1/thumb/v7-m/nofp/crtend.o
LOAD c:/gcc/bin/../lib/gcc/arm-none-eabi/10.2.1/thumb/v7-m/nofp/crtn.o

.vector         0x00803000       0x84
 *(.isr_vector)
 .isr_vector    0x00803000       0x84 ../../../../../../../PLAT/gccout/ec7xx_0h00_ec716e/ap/bootloader/lib/libstartup.a(startup_ec7xx_gcc.o)
                0x00803000                __isr_vector

.unload_uncompress_flashcode
                0x00803084     0x639c
 *startup_ec7xx_gcc.o(.text* .rodata*)
 .text          0x00803084       0x2c ../../../../../../../PLAT/gccout/ec7xx_0h00_ec716e/ap/bootloader/lib/libstartup.a(startup_ec7xx_gcc.o)
                0x00803084                Reset_Handler
                0x0080309e                Default_Handler
                0x0080309e                HardFault_Handler
 *(.sect_bl_uncompress_flash_text.*)
 .sect_bl_uncompress_flash_text.prec_init.119
                0x008030b0       0x28 ap_bootloader.elf.lto.o
 .sect_bl_uncompress_flash_text.system_ec7xx.108
                0x008030d8       0x1a ap_bootloader.elf.lto.o
 .sect_bl_uncompress_flash_text.system_ec7xx.141
                0x008030f2       0x1e ap_bootloader.elf.lto.o
 .sect_bl_uncompress_flash_text.LzFind.117
                0x00803110        0x4 ap_bootloader.elf.lto.o
 .sect_bl_uncompress_flash_text.LzFind.119
                0x00803114        0x8 ap_bootloader.elf.lto.o
 .sect_bl_uncompress_flash_text.LzFind.122
                0x0080311c       0x72 ap_bootloader.elf.lto.o
 .sect_bl_uncompress_flash_text.LzFind.218
                0x0080318e       0x12 ap_bootloader.elf.lto.o
 .sect_bl_uncompress_flash_text.LzFind.277
                0x008031a0       0x50 ap_bootloader.elf.lto.o
 .sect_bl_uncompress_flash_text.LzFind.422
                0x008031f0       0x4c ap_bootloader.elf.lto.o
 .sect_bl_uncompress_flash_text.LzFind.685
                0x0080323c       0xae ap_bootloader.elf.lto.o
 .sect_bl_uncompress_flash_text.LzFind.798
                0x008032ea       0x80 ap_bootloader.elf.lto.o
 .sect_bl_uncompress_flash_text.LzFind.951
                0x0080336a       0xa8 ap_bootloader.elf.lto.o
 .sect_bl_uncompress_flash_text.LzFind.182
                0x00803412       0x2c ap_bootloader.elf.lto.o
 .sect_bl_uncompress_flash_text.LzFind.201
                0x0080343e       0x2c ap_bootloader.elf.lto.o
 *fill*         0x0080346a        0x2 
 .sect_bl_uncompress_flash_text.LzFind.228
                0x0080346c       0x48 ap_bootloader.elf.lto.o
 .sect_bl_uncompress_flash_text.LzFind.461
                0x008034b4        0xc ap_bootloader.elf.lto.o
 .sect_bl_uncompress_flash_text.LzFind.471
                0x008034c0       0x18 ap_bootloader.elf.lto.o
 .sect_bl_uncompress_flash_text.LzFind.481
                0x008034d8       0x12 ap_bootloader.elf.lto.o
 .sect_bl_uncompress_flash_text.LzFind.501
                0x008034ea       0x26 ap_bootloader.elf.lto.o
 .sect_bl_uncompress_flash_text.LzFind.710
                0x00803510       0x52 ap_bootloader.elf.lto.o
 .sect_bl_uncompress_flash_text.LzFind.753
                0x00803562       0x64 ap_bootloader.elf.lto.o
 .sect_bl_uncompress_flash_text.LzFind.1017
                0x008035c6       0x1e ap_bootloader.elf.lto.o
 .sect_bl_uncompress_flash_text.LzFind.1471
                0x008035e4       0xa8 ap_bootloader.elf.lto.o
 .sect_bl_uncompress_flash_text.LzFind.1455
                0x0080368c       0x9c ap_bootloader.elf.lto.o
 .sect_bl_uncompress_flash_text.LzFind.1440
                0x00803728       0x84 ap_bootloader.elf.lto.o
 .sect_bl_uncompress_flash_text.LzFind.1418
                0x008037ac       0x60 ap_bootloader.elf.lto.o
 .sect_bl_uncompress_flash_text.LzFind.1533
                0x0080380c       0xba ap_bootloader.elf.lto.o
 .sect_bl_uncompress_flash_text.LzFind.1336
                0x008038c6      0x18c ap_bootloader.elf.lto.o
 .sect_bl_uncompress_flash_text.LzFind.1518
                0x00803a52       0xac ap_bootloader.elf.lto.o
 .sect_bl_uncompress_flash_text.LzFind.1268
                0x00803afe      0x162 ap_bootloader.elf.lto.o
 .sect_bl_uncompress_flash_text.LzFind.880
                0x00803c60       0xec ap_bootloader.elf.lto.o
 .sect_bl_uncompress_flash_text.LzFind.1196
                0x00803d4c      0x190 ap_bootloader.elf.lto.o
 .sect_bl_uncompress_flash_text.LzFind.1128
                0x00803edc      0x16c ap_bootloader.elf.lto.o
 .sect_bl_uncompress_flash_text.LzFind.1087
                0x00804048       0xf6 ap_bootloader.elf.lto.o
 .sect_bl_uncompress_flash_text.LzFind.1062
                0x0080413e       0x66 ap_bootloader.elf.lto.o
 .sect_bl_uncompress_flash_text.LzFind.1561
                0x008041a4       0x90 ap_bootloader.elf.lto.o
 .sect_bl_uncompress_flash_text.LzmaEnc.702
                0x00804234       0x24 ap_bootloader.elf.lto.o
 .sect_bl_uncompress_flash_text.LzmaEnc.715
                0x00804258       0x32 ap_bootloader.elf.lto.o
 .sect_bl_uncompress_flash_text.LzmaEnc.727
                0x0080428a       0x76 ap_bootloader.elf.lto.o
 .sect_bl_uncompress_flash_text.LzmaEnc.759
                0x00804300       0x24 ap_bootloader.elf.lto.o
 .sect_bl_uncompress_flash_text.LzmaEnc.822
                0x00804324       0x26 ap_bootloader.elf.lto.o
 .sect_bl_uncompress_flash_text.LzmaEnc.831
                0x0080434a       0x7e ap_bootloader.elf.lto.o
 .sect_bl_uncompress_flash_text.LzmaEnc.848
                0x008043c8       0x90 ap_bootloader.elf.lto.o
 .sect_bl_uncompress_flash_text.LzmaEnc.872
                0x00804458       0x34 ap_bootloader.elf.lto.o
 .sect_bl_uncompress_flash_text.LzmaEnc.910
                0x0080448c       0x2a ap_bootloader.elf.lto.o
 .sect_bl_uncompress_flash_text.LzmaEnc.925
                0x008044b6       0x42 ap_bootloader.elf.lto.o
 .sect_bl_uncompress_flash_text.LzmaEnc.942
                0x008044f8       0x7e ap_bootloader.elf.lto.o
 .sect_bl_uncompress_flash_text.LzmaEnc.961
                0x00804576       0x28 ap_bootloader.elf.lto.o
 .sect_bl_uncompress_flash_text.LzmaEnc.970
                0x0080459e      0x1ca ap_bootloader.elf.lto.o
 .sect_bl_uncompress_flash_text.LzmaEnc.1005
                0x00804768       0x68 ap_bootloader.elf.lto.o
 .sect_bl_uncompress_flash_text.LzmaEnc.1121
                0x008047d0       0x68 ap_bootloader.elf.lto.o
 .sect_bl_uncompress_flash_text.LzmaEnc.1183
                0x00804838       0x86 ap_bootloader.elf.lto.o
 .sect_bl_uncompress_flash_text.LzmaEnc.1209
                0x008048be       0x8a ap_bootloader.elf.lto.o
 .sect_bl_uncompress_flash_text.LzmaEnc.2012
                0x00804948      0x238 ap_bootloader.elf.lto.o
 .sect_bl_uncompress_flash_text.LzmaEnc.2142
                0x00804b80      0x160 ap_bootloader.elf.lto.o
 .sect_bl_uncompress_flash_text.LzmaEnc.2203
                0x00804ce0       0x2e ap_bootloader.elf.lto.o
 .sect_bl_uncompress_flash_text.LzmaEnc.2232
                0x00804d0e       0x32 ap_bootloader.elf.lto.o
 .sect_bl_uncompress_flash_text.LzmaEnc.2244
                0x00804d40       0x96 ap_bootloader.elf.lto.o
 .sect_bl_uncompress_flash_text.LzmaEnc.2813
                0x00804dd6      0x108 ap_bootloader.elf.lto.o
 .sect_bl_uncompress_flash_text.LzmaEnc.1021
                0x00804ede       0xfa ap_bootloader.elf.lto.o
 .sect_bl_uncompress_flash_text.LzmaEnc.72
                0x00804fd8       0x36 ap_bootloader.elf.lto.o
 .sect_bl_uncompress_flash_text.LzmaEnc.82
                0x0080500e       0x82 ap_bootloader.elf.lto.o
 .sect_bl_uncompress_flash_text.LzmaEnc.574
                0x00805090       0xb2 ap_bootloader.elf.lto.o
 .sect_bl_uncompress_flash_text.LzmaEnc.2363
                0x00805142       0x36 ap_bootloader.elf.lto.o
 .sect_bl_uncompress_flash_text.LzmaEnc.1261
                0x00805178      0xcec ap_bootloader.elf.lto.o
 .sect_bl_uncompress_flash_text.LzmaEnc.218
                0x00805e64       0x10 ap_bootloader.elf.lto.o
 .sect_bl_uncompress_flash_text.LzmaEnc.2268
                0x00805e74      0x224 ap_bootloader.elf.lto.o
 .sect_bl_uncompress_flash_text.LzmaEnc.2884
                0x00806098       0x6c ap_bootloader.elf.lto.o
 .sect_bl_uncompress_flash_text.7zFile.50
                0x00806104        0x6 ap_bootloader.elf.lto.o
 *fill*         0x0080610a        0x2 
 .sect_bl_uncompress_flash_text.7zFile.743
                0x0080610c        0xc ap_bootloader.elf.lto.o
 .sect_bl_uncompress_flash_text.7zFile.784
                0x00806118        0xc ap_bootloader.elf.lto.o
 .sect_bl_uncompress_flash_text.LzmaDec.718
                0x00806124      0x416 ap_bootloader.elf.lto.o
 .sect_bl_uncompress_flash_text.LzmaDec.236
                0x0080653a      0xf94 ap_bootloader.elf.lto.o
 .sect_bl_uncompress_flash_text.LzmaDec.689
                0x008074ce       0x2e ap_bootloader.elf.lto.o
 .sect_bl_uncompress_flash_text.LzmaDec.619
                0x008074fc       0x4e ap_bootloader.elf.lto.o
 *fill*         0x0080754a        0x2 
 .sect_bl_uncompress_flash_text.LzmaDec.956
                0x0080754c      0x2c4 ap_bootloader.elf.lto.o
 .sect_bl_uncompress_flash_text.LzmaDec.1204
                0x00807810       0xd2 ap_bootloader.elf.lto.o
 *fill*         0x008078e2        0x2 
 .sect_bl_uncompress_flash_text.LzmaEc.71
                0x008078e4       0x7c ap_bootloader.elf.lto.o
 .sect_bl_uncompress_flash_text.LzmaEc.684
                0x00807960       0x64 ap_bootloader.elf.lto.o
 .sect_bl_uncompress_flash_text.pwrkey.78
                0x008079c4       0x3c ap_bootloader.elf.lto.o
 .sect_bl_uncompress_flash_text.tls.128
                0x00807a00       0x14 ap_bootloader.elf.lto.o
 .sect_bl_uncompress_flash_text.tls.63
                0x00807a14       0x78 ap_bootloader.elf.lto.o
 .sect_bl_uncompress_flash_text.tls.385
                0x00807a8c       0x40 ap_bootloader.elf.lto.o
 .sect_bl_uncompress_flash_text.prec_init.175
                0x00807acc       0x40 ap_bootloader.elf.lto.o
 .sect_bl_uncompress_flash_text.prec_init.152
                0x00807b0c       0x40 ap_bootloader.elf.lto.o
 .sect_bl_uncompress_flash_text.bl_bsp.35
                0x00807b4c       0x12 ap_bootloader.elf.lto.o
 .sect_bl_uncompress_flash_text.bl_bsp.138
                0x00807b5e       0x28 ap_bootloader.elf.lto.o
 *fill*         0x00807b86        0x2 
 .sect_bl_uncompress_flash_text.bl_bsp.149
                0x00807b88       0x54 ap_bootloader.elf.lto.o
 .sect_bl_uncompress_flash_text.7zFile.268
                0x00807bdc       0x60 ap_bootloader.elf.lto.o
 .sect_bl_uncompress_flash_text.7zFile.776
                0x00807c3c       0x16 ap_bootloader.elf.lto.o
 *fill*         0x00807c52        0x2 
 .sect_bl_uncompress_flash_text.7zFile.165
                0x00807c54       0x78 ap_bootloader.elf.lto.o
 .sect_bl_uncompress_flash_text.7zFile.735
                0x00807ccc       0x16 ap_bootloader.elf.lto.o
 *fill*         0x00807ce2        0x2 
 .sect_bl_uncompress_flash_text.tls.196
                0x00807ce4       0x28 ap_bootloader.elf.lto.o
 .sect_bl_uncompress_flash_text.tls.319
                0x00807d0c       0x98 ap_bootloader.elf.lto.o
 .sect_bl_uncompress_flash_text.LzmaEc.288
                0x00807da4       0x30 ap_bootloader.elf.lto.o
 .sect_bl_uncompress_flash_text.LzmaEnc.2388
                0x00807dd4       0x18 ap_bootloader.elf.lto.o
 .sect_bl_uncompress_flash_text.LzmaEnc.3093
                0x00807dec       0x64 ap_bootloader.elf.lto.o
 .sect_bl_uncompress_flash_text.LzmaEnc.680
                0x00807e50       0x24 ap_bootloader.elf.lto.o
 .sect_bl_uncompress_flash_text.LzmaEnc.2401
                0x00807e74        0xe ap_bootloader.elf.lto.o
 *fill*         0x00807e82        0x2 
 .sect_bl_uncompress_flash_text.LzFind.259
                0x00807e84       0x1c ap_bootloader.elf.lto.o
 .sect_bl_uncompress_flash_text.LzFind.247
                0x00807ea0        0x6 ap_bootloader.elf.lto.o
 .sect_bl_uncompress_flash_text.LzFind.71
                0x00807ea6        0x8 ap_bootloader.elf.lto.o
 *fill*         0x00807eae        0x2 
 .sect_bl_uncompress_flash_text.LzmaEnc.2427
                0x00807eb0      0x760 ap_bootloader.elf.lto.o
 .sect_bl_uncompress_flash_text.LzmaEnc.3046
                0x00808610       0x16 ap_bootloader.elf.lto.o
 .sect_bl_uncompress_flash_text.LzmaDec.1271
                0x00808626       0x3c ap_bootloader.elf.lto.o
 .sect_bl_uncompress_flash_text.LzmaDec.1259
                0x00808662        0x6 ap_bootloader.elf.lto.o
 .sect_bl_uncompress_flash_text.LzmaDec.1253
                0x00808668        0x6 ap_bootloader.elf.lto.o
 .sect_bl_uncompress_flash_text.LzmaDec.910
                0x0080866e       0x10 ap_bootloader.elf.lto.o
 .sect_bl_uncompress_flash_text.LzmaDec.925
                0x0080867e        0x8 ap_bootloader.elf.lto.o
 *fill*         0x00808686        0x2 
 .sect_bl_uncompress_flash_text.LzmaDec.1297
                0x00808688       0x40 ap_bootloader.elf.lto.o
 .sect_bl_uncompress_flash_text.LzmaDec.1334
                0x008086c8       0x8c ap_bootloader.elf.lto.o
 .sect_bl_uncompress_flash_text.LzmaEc.158
                0x00808754       0x84 ap_bootloader.elf.lto.o
 .sect_bl_uncompress_flash_text.LzFind.253
                0x008087d8        0xe ap_bootloader.elf.lto.o
 *fill*         0x008087e6        0x2 
 .sect_bl_uncompress_flash_text.LzFind.81
                0x008087e8       0x34 ap_bootloader.elf.lto.o
 .sect_bl_uncompress_flash_text.LzFind.311
                0x0080881c       0xf4 ap_bootloader.elf.lto.o
 .sect_bl_uncompress_flash_text.LzmaEnc.2731
                0x00808910       0x94 ap_bootloader.elf.lto.o
 .sect_bl_uncompress_flash_text.LzmaEnc.2902
                0x008089a4       0x4c ap_bootloader.elf.lto.o
 .sect_bl_uncompress_flash_text.LzmaEnc.2919
                0x008089f0       0x10 ap_bootloader.elf.lto.o
 .sect_bl_uncompress_flash_text.LzmaEnc.3085
                0x00808a00       0x16 ap_bootloader.elf.lto.o
 .sect_bl_uncompress_flash_text.LzmaEc.206
                0x00808a16       0x96 ap_bootloader.elf.lto.o
 .sect_bl_uncompress_flash_text.LzmaEc.241
                0x00808aac       0x88 ap_bootloader.elf.lto.o
 .sect_bl_uncompress_flash_text.ec_main.157
                0x00808b34       0x40 ap_bootloader.elf.lto.o
 .sect_bl_uncompress_flash_text.ec_main.276
                0x00808b74       0x10 ap_bootloader.elf.lto.o
                0x00808b74                NMI_Handler
 .sect_bl_uncompress_flash_text.ec_main.283
                0x00808b84        0x2 ap_bootloader.elf.lto.o
                0x00808b84                MemManage_Handler
 .sect_bl_uncompress_flash_text.ec_main.288
                0x00808b86        0x2 ap_bootloader.elf.lto.o
                0x00808b86                BusFault_Handler
 .sect_bl_uncompress_flash_text.ec_main.293
                0x00808b88        0x2 ap_bootloader.elf.lto.o
                0x00808b88                UsageFault_Handler
 .sect_bl_uncompress_flash_text.ec_main.298
                0x00808b8a        0x2 ap_bootloader.elf.lto.o
                0x00808b8a                DebugMon_Handler
 .sect_bl_uncompress_flash_text.ec_main.303
                0x00808b8c        0x2 ap_bootloader.elf.lto.o
                0x00808b8c                SVC_Handler
 .sect_bl_uncompress_flash_text.ec_main.307
                0x00808b8e        0x2 ap_bootloader.elf.lto.o
                0x00808b8e                PendSV_Handler
 .sect_bl_uncompress_flash_text.ec_main.312
                0x00808b90        0x2 ap_bootloader.elf.lto.o
                0x00808b90                SysTick_Handler
 .sect_bl_uncompress_flash_text.stub_os.79
                0x00808b92        0x2 ap_bootloader.elf.lto.o
                0x00808b92                STUB_WakeupIntHandler
 .sect_bl_uncompress_flash_text.stub_os.84
                0x00808b94        0x2 ap_bootloader.elf.lto.o
                0x00808b94                PwrKey_WakeupIntHandler
 .sect_bl_uncompress_flash_text.stub_os.89
                0x00808b96        0x2 ap_bootloader.elf.lto.o
                0x00808b96                ChrgPad_WakeupIntHandler
 .sect_bl_uncompress_flash_text.LzmaEc.739
                0x00808b98        0x4 ap_bootloader.elf.lto.o
                0x00808b98                decompressRamCodeGetAddrInfo
 .sect_bl_uncompress_flash_text.LzmaEc.745
                0x00808b9c      0x380 ap_bootloader.elf.lto.o
                0x00808b9c                decompressRamCodeFromBin
 .sect_bl_uncompress_flash_text.prec_init.240
                0x00808f1c       0x12 ap_bootloader.elf.lto.o
 .sect_bl_uncompress_flash_text.prec_init.197
                0x00808f2e       0x18 ap_bootloader.elf.lto.o
 *fill*         0x00808f46        0x2 
 .sect_bl_uncompress_flash_text.system_ec7xx.241
                0x00808f48       0x90 ap_bootloader.elf.lto.o
                0x00808f48                SystemInit
 *(.sect_bl_uncompress_flash_rodata.*)
 .sect_bl_uncompress_flash_rodata.hal_misc.45
                0x00808fd8      0x400 ap_bootloader.elf.lto.o
 *(.sect_cache_text.*)
 .sect_cache_text.cache.19
                0x008093d8       0x24 ap_bootloader.elf.lto.o
 .sect_cache_text.cache.56
                0x008093fc       0x14 ap_bootloader.elf.lto.o
 *(.sect_cache_rodata.*)
 *(.text.memset)
 .text.memset   0x00809410       0x10 c:/gcc/bin/../lib/gcc/arm-none-eabi/10.2.1/../../../../arm-none-eabi/lib/thumb/v7-m/nofp\libc_nano.a(lib_a-memset.o)
                0x00809410                memset

.load_airam_pre1
                0x00000000       0xa8 load address 0x00809420
                0x00000000                . = ALIGN (0x4)
                0x00809420                Load$$LOAD_AIRAM_PRE1$$Base = LOADADDR (.load_airam_pre1)
                0x00000000                Image$$LOAD_AIRAM_PRE1$$Base = .
 *(.sect_bl_airam_pre1_text.*)
 .sect_bl_airam_pre1_text.gpr.2363
                0x00000000       0x30 ap_bootloader.elf.lto.o
 .sect_bl_airam_pre1_text.gpr.873
                0x00000030       0x68 ap_bootloader.elf.lto.o
 .sect_bl_airam_pre1_text.system_ec7xx.216
                0x00000098        0xe ap_bootloader.elf.lto.o
 *(.sect_bl_airam_pre1_rodata.*)
                0x000000a8                . = ALIGN (0x4)
 *fill*         0x000000a6        0x2 
                0x000000a8                Image$$LOAD_AIRAM_PRE1$$Length = SIZEOF (.load_airam_pre1)

.load_airam_pre2
                0x000000a8      0x928 load address 0x008094c8
                0x000000a8                . = ALIGN (0x4)
                0x008094c8                Load$$LOAD_AIRAM_PRE2$$Base = LOADADDR (.load_airam_pre2)
                0x000000a8                Image$$LOAD_AIRAM_PRE2$$Base = .
 *(.sect_bl_airam_pre2_text.*)
 .sect_bl_airam_pre2_text.aonreg.78
                0x000000a8       0x10 ap_bootloader.elf.lto.o
 .sect_bl_airam_pre2_text.cpmureg.16
                0x000000b8       0x48 ap_bootloader.elf.lto.o
 .sect_bl_airam_pre2_text.ec_main.642
                0x00000100       0x10 ap_bootloader.elf.lto.o
 .sect_bl_airam_pre2_text.ec_main.140
                0x00000110       0x18 ap_bootloader.elf.lto.o
 .sect_bl_airam_pre2_text.bl_bsp.98
                0x00000128       0x12 ap_bootloader.elf.lto.o
 *(.sect_bl_airam_pre2_rodata.*)
 *(.sect_qspi_text.*)
 .sect_qspi_text.qspi.1110
                0x0000013a       0x70 ap_bootloader.elf.lto.o
 *fill*         0x000001aa        0x2 
 .sect_qspi_text.qspi.352
                0x000001ac       0x14 ap_bootloader.elf.lto.o
 .sect_qspi_text.qspi.1535
                0x000001c0       0x20 ap_bootloader.elf.lto.o
 .sect_qspi_text.qspi.1048
                0x000001e0       0x34 ap_bootloader.elf.lto.o
 .sect_qspi_text.qspi.1079
                0x00000214       0x14 ap_bootloader.elf.lto.o
 .sect_qspi_text.qspi.382
                0x00000228       0x30 ap_bootloader.elf.lto.o
 .sect_qspi_text.qspi.437
                0x00000258       0x7c ap_bootloader.elf.lto.o
 .sect_qspi_text.qspi.934
                0x000002d4       0xb4 ap_bootloader.elf.lto.o
 .sect_qspi_text.qspi.787
                0x00000388       0x78 ap_bootloader.elf.lto.o
 .sect_qspi_text.qspi.852
                0x00000400      0x10c ap_bootloader.elf.lto.o
 .sect_qspi_text.qspi.256
                0x0000050c      0x13c ap_bootloader.elf.lto.o
 .sect_qspi_text.qspi.493
                0x00000648       0xe8 ap_bootloader.elf.lto.o
 *(.sect_flash_pre2text.*)
 .sect_flash_pre2text.flash.253
                0x00000730       0x1e ap_bootloader.elf.lto.o
 *fill*         0x0000074e        0x2 
 .sect_flash_pre2text.flash.285
                0x00000750       0x64 ap_bootloader.elf.lto.o
 .sect_flash_pre2text.flash.1979
                0x000007b4       0x64 ap_bootloader.elf.lto.o
 .sect_flash_pre2text.flash.885
                0x00000818      0x170 ap_bootloader.elf.lto.o
 *(.sect_platdelay_text.*)
 .sect_platdelay_text.hal_misc.75
                0x00000988        0x8 ap_bootloader.elf.lto.o
 .sect_platdelay_text.hal_misc.142
                0x00000990       0x20 ap_bootloader.elf.lto.o
 *(.sect_flashlock_text.*)
 .sect_flashlock_text.flashLock.156
                0x000009b0       0x10 ap_bootloader.elf.lto.o
 .sect_flashlock_text.flashLock.182
                0x000009c0       0x10 ap_bootloader.elf.lto.o
                0x000009d0                . = ALIGN (0x4)
                0x00000928                Image$$LOAD_AIRAM_PRE2$$Length = SIZEOF (.load_airam_pre2)
                0x00809df0                PROVIDE (flashXIPLimit = LOADADDR (.load_airam_other))

.load_airam_other
                0x000009d0     0x3acc load address 0x00809df0
                0x000009d0                . = ALIGN (0x4)
                0x00809df0                Load$$LOAD_AIRAM_OTHER_RAMCODE$$Base = LOADADDR (.load_airam_other)
                0x000009d0                Image$$LOAD_AIRAM_OTHER_RAMCODE$$Base = .
 *(.rodata*)
 .rodata.str1.1
                0x000009d0     0x1d83 ap_bootloader.elf.lto.o
                               0x1db7 (size before relaxing)
 *fill*         0x00002753        0x1 
 .rodata        0x00002754      0x1b8 ap_bootloader.elf.lto.o
 *(.text*)
 .text          0x0000290c     0x17e0 ap_bootloader.elf.lto.o
                0x00003cbc                __assert_func
                0x00003cd4                nvramAfterInit
                0x00003e58                trimFromCalNv2Aon
                0x00003f24                rngGenRandom
                0x00004008                XIC_LatchIRQ
                0x00004084                GPR_csmbAccessEnter
                0x000040b6                GPR_csmbAccessExit
                0x000040e8                ShareInfoSetCPTestSlpMode
 .text.memmove  0x000040ec       0x34 c:/gcc/bin/../lib/gcc/arm-none-eabi/10.2.1/../../../../arm-none-eabi/lib/thumb/v7-m/nofp\libc_nano.a(lib_a-memmove.o)
                0x000040ec                memmove
 .text.swapfunc
                0x00004120       0x32 c:/gcc/bin/../lib/gcc/arm-none-eabi/10.2.1/../../../../arm-none-eabi/lib/thumb/v7-m/nofp\libc_nano.a(lib_a-qsort.o)
 .text.med3.constprop.0
                0x00004152       0x3e c:/gcc/bin/../lib/gcc/arm-none-eabi/10.2.1/../../../../arm-none-eabi/lib/thumb/v7-m/nofp\libc_nano.a(lib_a-qsort.o)
 .text.qsort    0x00004190      0x2a4 c:/gcc/bin/../lib/gcc/arm-none-eabi/10.2.1/../../../../arm-none-eabi/lib/thumb/v7-m/nofp\libc_nano.a(lib_a-qsort.o)
                0x00004190                qsort
 .text.strcpy   0x00004434       0x10 c:/gcc/bin/../lib/gcc/arm-none-eabi/10.2.1/../../../../arm-none-eabi/lib/thumb/v7-m/nofp\libc_nano.a(lib_a-strcpy.o)
                0x00004434                strcpy
 .text          0x00004444       0x10 c:/gcc/bin/../lib/gcc/arm-none-eabi/10.2.1/../../../../arm-none-eabi/lib/thumb/v7-m/nofp\libc_nano.a(lib_a-strlen.o)
                0x00004444                strlen
 .text.strncmp  0x00004454       0x28 c:/gcc/bin/../lib/gcc/arm-none-eabi/10.2.1/../../../../arm-none-eabi/lib/thumb/v7-m/nofp\libc_nano.a(lib_a-strncmp.o)
                0x00004454                strncmp
 .text.memcmp   0x0000447c       0x20 c:/gcc/bin/../lib/gcc/arm-none-eabi/10.2.1/../../../../arm-none-eabi/lib/thumb/v7-m/nofp\libc_nano.a(lib_a-memcmp.o)
                0x0000447c                memcmp
                0x00003acc                Image$$LOAD_AIRAM_OTHER_RAMCODE$$Length = SIZEOF (.load_airam_other)

.vfp11_veneer   0x0000449c        0x0 load address 0x0080d8bc
 .vfp11_veneer  0x0000449c        0x0 linker stubs

.load_miram_sct_zi
                0x00400000      0x204
                0x00400000                . = ALIGN (0x4)
                0x00400000                Load$$LOAD_MIRAM_SCT_DATA$$ZI$$Base = LOADADDR (.load_miram_sct_zi)
                0x00400000                Image$$LOAD_MIRAM_SCT_DATA$$ZI$$Base = .
 *(.sect_platBlSctZIData_bss.*)
 .sect_platBlSctZIData_bss.fota_nvm.194
                0x00400000       0x20 ap_bootloader.elf.lto.o
 .sect_platBlSctZIData_bss.tls.18
                0x00400020       0x14 ap_bootloader.elf.lto.o
 *(.sect_decompress_bss.*)
 .sect_decompress_bss.LzmaEc.35
                0x00400034        0x4 ap_bootloader.elf.lto.o
 .sect_decompress_bss.LzmaEc.36
                0x00400038        0xc ap_bootloader.elf.lto.o
 .sect_decompress_bss.LzmaEc.37
                0x00400044        0x4 ap_bootloader.elf.lto.o
 .sect_decompress_bss.LzmaEc.38
                0x00400048        0x4 ap_bootloader.elf.lto.o
 .sect_decompress_bss.LzmaEc.42
                0x0040004c        0x4 ap_bootloader.elf.lto.o
 .sect_decompress_bss.LzmaEc.43
                0x00400050        0x4 ap_bootloader.elf.lto.o
 .sect_decompress_bss.LzmaEc.44
                0x00400054        0x4 ap_bootloader.elf.lto.o
 .sect_decompress_bss.LzmaEc.47
                0x00400058        0x4 ap_bootloader.elf.lto.o
 .sect_decompress_bss.LzmaEc.48
                0x0040005c        0x4 ap_bootloader.elf.lto.o
 .sect_decompress_bss.LzmaEc.50
                0x00400060        0x4 ap_bootloader.elf.lto.o
 .sect_decompress_bss.LzmaEc.54
                0x00400064       0x20 ap_bootloader.elf.lto.o
 .sect_decompress_bss.LzmaEc.55
                0x00400084      0x180 ap_bootloader.elf.lto.o
                0x00400204                . = ALIGN (0x4)
                0x00400204                Image$$LOAD_MIRAM_SCT_DATA$$ZI$$Limit = .
                0x00000204                Image$$LOAD_MIRAM_SCT_DATA$$ZI$$Length = SIZEOF (.load_miram_sct_zi)

.load_airam_shared_data
                0x0000449c      0xa48 load address 0x0080d8bc
                0x0000449c                . = ALIGN (0x4)
                0x0080d8bc                Load$$LOAD_AIRAM_SHARED_DATA$$Base = LOADADDR (.load_airam_shared_data)
                0x0000449c                Image$$LOAD_AIRAM_SHARED_DATA$$Base = .
 *(.sect_*_data.*)
 .sect_clock_data.clock.51
                0x0000449c      0x200 ap_bootloader.elf.lto.o
 .sect_flash_data.flash.226
                0x0000469c        0x1 ap_bootloader.elf.lto.o
 *fill*         0x0000469d        0x1 
 .sect_flash_data.flash.229
                0x0000469e        0x2 ap_bootloader.elf.lto.o
 .sect_gpr_data.gpr.106
                0x000046a0       0x28 ap_bootloader.elf.lto.o
 .sect_gpr_data.gpr.162
                0x000046c8       0x20 ap_bootloader.elf.lto.o
 *(.data*)
 .data          0x000046e8      0x3cc ap_bootloader.elf.lto.o
                0x00004ab4                . = ALIGN (0x4)
                0x00004ab4                Image$$LOAD_AIRAM_SHARED_DATA$$Limit = .
 *(.USB_NOINIT_DATA_BUF*)
 .USB_NOINIT_DATA_BUF
                0x00004ab4      0x430 ap_bootloader.elf.lto.o
                0x00000a48                Image$$LOAD_AIRAM_SHARED_DATA$$Length = SIZEOF (.load_airam_shared_data)

.load_miram_shared_zi
                0x00400208     0x2068
                0x00400208                . = ALIGN (0x4)
                0x00400208                Load$$LOAD_MIRAM_SHARED$$ZI$$Base = LOADADDR (.load_miram_shared_zi)
                0x00400208                Image$$LOAD_MIRAM_SHARED$$ZI$$Base = .
 *(.sect_*_bss.*)
 .sect_flash_bss.flash.225
                0x00400208      0x158 ap_bootloader.elf.lto.o
 .sect_flash_bss.flash.227
                0x00400360        0x4 ap_bootloader.elf.lto.o
 .sect_gpr_bss.gpr.175
                0x00400364        0x4 ap_bootloader.elf.lto.o
 .sect_ic_bss.ic.69
                0x00400368        0x4 ap_bootloader.elf.lto.o
 .sect_platconfig_bss.plat_config.853
                0x0040036c       0x3b ap_bootloader.elf.lto.o
 *(.bss*)
 *fill*         0x004003a7        0x1 
 .bss           0x004003a8      0xec6 ap_bootloader.elf.lto.o
 *(.stack)
 *fill*         0x0040126e        0x2 
 .stack         0x00401270     0x1000 ../../../../../../../PLAT/gccout/ec7xx_0h00_ec716e/ap/bootloader/lib/libstartup.a(startup_ec7xx_gcc.o)
                0x00401270                __StackLimit
                0x00402270                __StackTop
                0x00402270                Image$$LOAD_MIRAM_SHARED$$ZI$$Limit = .
                0x00402270                . = ALIGN (0x4)
                0x00402270                PROVIDE (end_msmb_software_loc = .)
                0x00002068                Image$$LOAD_MIRAM_SHARED$$ZI$$Length = SIZEOF (.load_miram_shared_zi)

.load_ciram     0x00204000     0xb6ac load address 0x0080e304
                0x00204000                . = ALIGN (0x4)
                0x0080e304                Load$$LOAD_CIRAM_RAMCODE$$Base = LOADADDR (.load_ciram)
                0x00204000                Image$$LOAD_CIRAM_RAMCODE$$Base = .
 *fota_nvm.o(.text*)
 *(.sect_bl_ciram_flash_text.*)
 .sect_bl_ciram_flash_text.ec_main.509
                0x00204000       0x10 ap_bootloader.elf.lto.o
 .sect_bl_ciram_flash_text.bl_print.16
                0x00204010       0x50 ap_bootloader.elf.lto.o
 .sect_bl_ciram_flash_text.bl_print.43
                0x00204060       0x92 ap_bootloader.elf.lto.o
 *fill*         0x002040f2        0x2 
 .sect_bl_ciram_flash_text.system_ec7xx.161
                0x002040f4       0x48 ap_bootloader.elf.lto.o
 .sect_bl_ciram_flash_text.plat_config.860
                0x0020413c       0x9c ap_bootloader.elf.lto.o
 .sect_bl_ciram_flash_text.hal_misc.245
                0x002041d8       0x2c ap_bootloader.elf.lto.o
 .sect_bl_ciram_flash_text.wdt.105
                0x00204204       0x24 ap_bootloader.elf.lto.o
 .sect_bl_ciram_flash_text.wdt.174
                0x00204228       0x28 ap_bootloader.elf.lto.o
 .sect_bl_ciram_flash_text.wdt.184
                0x00204250       0x28 ap_bootloader.elf.lto.o
 .sect_bl_ciram_flash_text.usb_bl_api.58
                0x00204278       0x2c ap_bootloader.elf.lto.o
 .sect_bl_ciram_flash_text.function_vcom_inherent.336
                0x002042a4       0x94 ap_bootloader.elf.lto.o
 .sect_bl_ciram_flash_text.fota_nvm.989
                0x00204338        0x4 ap_bootloader.elf.lto.o
 .sect_bl_ciram_flash_text.fota_mem.70
                0x0020433c        0x4 ap_bootloader.elf.lto.o
 .sect_bl_ciram_flash_text.fota_mem.83
                0x00204340        0x8 ap_bootloader.elf.lto.o
 .sect_bl_ciram_flash_text.fota_mem.116
                0x00204348        0x4 ap_bootloader.elf.lto.o
 .sect_bl_ciram_flash_text.fota_callbacks.46
                0x0020434c        0xc ap_bootloader.elf.lto.o
 .sect_bl_ciram_flash_text.fota_callbacks.51
                0x00204358        0xc ap_bootloader.elf.lto.o
 .sect_bl_ciram_flash_text.fota_callbacks.71
                0x00204364       0x10 ap_bootloader.elf.lto.o
 .sect_bl_ciram_flash_text.fota_callbacks.113
                0x00204374        0xc ap_bootloader.elf.lto.o
 .sect_bl_ciram_flash_text.fota_man.1556
                0x00204380        0x8 ap_bootloader.elf.lto.o
 .sect_bl_ciram_flash_text.fota_callbacks.76
                0x00204388       0x30 ap_bootloader.elf.lto.o
 .sect_bl_ciram_flash_text.fota_patch.498
                0x002043b8       0x24 ap_bootloader.elf.lto.o
 .sect_bl_ciram_flash_text.bspatch.117
                0x002043dc       0x20 ap_bootloader.elf.lto.o
 .sect_bl_ciram_flash_text.bspatch.48
                0x002043fc       0x72 ap_bootloader.elf.lto.o
 .sect_bl_ciram_flash_text.bspatch.131
                0x0020446e       0x4e ap_bootloader.elf.lto.o
 .sect_bl_ciram_flash_text.memory_pool.177
                0x002044bc       0x30 ap_bootloader.elf.lto.o
 .sect_bl_ciram_flash_text.memory_pool.214
                0x002044ec       0x10 ap_bootloader.elf.lto.o
 .sect_bl_ciram_flash_text.varint.5
                0x002044fc       0x28 ap_bootloader.elf.lto.o
 .sect_bl_ciram_flash_text.varint.69
                0x00204524       0x30 ap_bootloader.elf.lto.o
 .sect_bl_ciram_flash_text.uint_vector_s.112
                0x00204554       0x12 ap_bootloader.elf.lto.o
 .sect_bl_ciram_flash_text.uint_vector_s.188
                0x00204566       0x14 ap_bootloader.elf.lto.o
 *fill*         0x0020457a        0x2 
 .sect_bl_ciram_flash_text.instruction.85
                0x0020457c       0x40 ap_bootloader.elf.lto.o
 .sect_bl_ciram_flash_text.instruction.103
                0x002045bc       0x40 ap_bootloader.elf.lto.o
 .sect_bl_ciram_flash_text.bl_uart.18
                0x002045fc      0x38c ap_bootloader.elf.lto.o
 .sect_bl_ciram_flash_text.tls.370
                0x00204988       0x30 ap_bootloader.elf.lto.o
 .sect_bl_ciram_flash_text.tls.23
                0x002049b8       0x7c ap_bootloader.elf.lto.o
 .sect_bl_ciram_flash_text.gpr.1734
                0x00204a34       0x98 ap_bootloader.elf.lto.o
 .sect_bl_ciram_flash_text.bl_uart.126
                0x00204acc       0x3c ap_bootloader.elf.lto.o
 .sect_bl_ciram_flash_text.ec_main.596
                0x00204b08       0x38 ap_bootloader.elf.lto.o
 .sect_bl_ciram_flash_text.bl_uart.42
                0x00204b40       0xc0 ap_bootloader.elf.lto.o
 .sect_bl_ciram_flash_text.bl_bsp.183
                0x00204c00       0x2a ap_bootloader.elf.lto.o
 .sect_bl_ciram_flash_text.device_vcom.88
                0x00204c2a       0x5c ap_bootloader.elf.lto.o
 *fill*         0x00204c86        0x2 
 .sect_bl_ciram_flash_text.device_vcom.361
                0x00204c88       0x18 ap_bootloader.elf.lto.o
 .sect_bl_ciram_flash_text.device_vcom.1131
                0x00204ca0       0x30 ap_bootloader.elf.lto.o
 .sect_bl_ciram_flash_text.function_vcom_tpl.1199
                0x00204cd0       0x6a ap_bootloader.elf.lto.o
 .sect_bl_ciram_flash_text.usbc_bsp.382
                0x00204d3a       0x16 ap_bootloader.elf.lto.o
 .sect_bl_ciram_flash_text.usbpcd_proc_api.728
                0x00204d50       0x50 ap_bootloader.elf.lto.o
 .sect_bl_ciram_flash_text.usbd_funclib.536
                0x00204da0       0xe4 ap_bootloader.elf.lto.o
 .sect_bl_ciram_flash_text.bzlib.124
                0x00204e84        0x4 ap_bootloader.elf.lto.o
 .sect_bl_ciram_flash_text.bzlib.131
                0x00204e88        0x2 ap_bootloader.elf.lto.o
 .sect_bl_ciram_flash_text.nvram.144
                0x00204e8a       0x2a ap_bootloader.elf.lto.o
 .sect_bl_ciram_flash_text.plat_config.56
                0x00204eb4       0x40 ap_bootloader.elf.lto.o
 .sect_bl_ciram_flash_text.ec_main.496
                0x00204ef4       0x28 ap_bootloader.elf.lto.o
 .sect_bl_ciram_flash_text.bl_uart.147
                0x00204f1c       0x48 ap_bootloader.elf.lto.o
 .sect_bl_ciram_flash_text.ec_main.395
                0x00204f64       0x28 ap_bootloader.elf.lto.o
 .sect_bl_ciram_flash_text.efuse.225
                0x00204f8c       0xd4 ap_bootloader.elf.lto.o
 .sect_bl_ciram_flash_text.bl_bsp.45
                0x00205060       0x44 ap_bootloader.elf.lto.o
 .sect_bl_ciram_flash_text.bl_bsp.174
                0x002050a4        0x4 ap_bootloader.elf.lto.o
 .sect_bl_ciram_flash_text.hal_trim.554
                0x002050a8      0x240 ap_bootloader.elf.lto.o
 .sect_bl_ciram_flash_text.fota_callbacks.103
                0x002052e8       0x10 ap_bootloader.elf.lto.o
 .sect_bl_ciram_flash_text.usbpcd_proc_api.435
                0x002052f8       0x1c ap_bootloader.elf.lto.o
 .sect_bl_ciram_flash_text.usbc_ctrl.1029
                0x00205314       0x98 ap_bootloader.elf.lto.o
 .sect_bl_ciram_flash_text.usbc_dev_if.145
                0x002053ac       0x64 ap_bootloader.elf.lto.o
 .sect_bl_ciram_flash_text.function_vcom_tpl.329
                0x00205410       0x76 ap_bootloader.elf.lto.o
 *fill*         0x00205486        0x2 
 .sect_bl_ciram_flash_text.usbc_dev_if.116
                0x00205488       0xcc ap_bootloader.elf.lto.o
 .sect_bl_ciram_flash_text.function_vcom_tpl.269
                0x00205554       0x92 ap_bootloader.elf.lto.o
 *fill*         0x002055e6        0x2 
 .sect_bl_ciram_flash_text.usbc_ctrl.267
                0x002055e8       0x3c ap_bootloader.elf.lto.o
 .sect_bl_ciram_flash_text.usbc_dev_if.197
                0x00205624       0xf0 ap_bootloader.elf.lto.o
 .sect_bl_ciram_flash_text.usbpcd_proc_req.95
                0x00205714       0x38 ap_bootloader.elf.lto.o
 .sect_bl_ciram_flash_text.function_vcom_tpl.923
                0x0020574c       0x5a ap_bootloader.elf.lto.o
 *fill*         0x002057a6        0x2 
 .sect_bl_ciram_flash_text.usbc_dev_if.269
                0x002057a8       0x6c ap_bootloader.elf.lto.o
 .sect_bl_ciram_flash_text.usb_bl_cmsis_support.123
                0x00205814       0x78 ap_bootloader.elf.lto.o
 .sect_bl_ciram_flash_text.function_vcom_tpl.468
                0x0020588c       0x54 ap_bootloader.elf.lto.o
 .sect_bl_ciram_flash_text.bl_bsp.81
                0x002058e0       0x12 ap_bootloader.elf.lto.o
 *fill*         0x002058f2        0x2 
 .sect_bl_ciram_flash_text.fota_callbacks.66
                0x002058f4        0xc ap_bootloader.elf.lto.o
 .sect_bl_ciram_flash_text.fota_man.1467
                0x00205900       0x40 ap_bootloader.elf.lto.o
 .sect_bl_ciram_flash_text.usbd_multi.573
                0x00205940       0xd8 ap_bootloader.elf.lto.o
 .sect_bl_ciram_flash_text.image_s.330
                0x00205a18       0x3c ap_bootloader.elf.lto.o
 .sect_bl_ciram_flash_text.bzlib.1120
                0x00205a54       0x98 ap_bootloader.elf.lto.o
 .sect_bl_ciram_flash_text.bzlib.1190
                0x00205aec       0x4e ap_bootloader.elf.lto.o
 *fill*         0x00205b3a        0x2 
 .sect_bl_ciram_flash_text.function_vcom_inherent.153
                0x00205b3c      0x128 ap_bootloader.elf.lto.o
 .sect_bl_ciram_flash_text.usbpcd_proc_api.707
                0x00205c64       0x30 ap_bootloader.elf.lto.o
 .sect_bl_ciram_flash_text.usbd_multi.76
                0x00205c94      0x4f0 ap_bootloader.elf.lto.o
 .sect_bl_ciram_flash_text.function_vcom_tpl.829
                0x00206184       0x56 ap_bootloader.elf.lto.o
 *fill*         0x002061da        0x2 
 .sect_bl_ciram_flash_text.function_vcom_tpl.607
                0x002061dc       0x64 ap_bootloader.elf.lto.o
 .sect_bl_ciram_flash_text.fota_patch.990
                0x00206240       0x64 ap_bootloader.elf.lto.o
 .sect_bl_ciram_flash_text.image_s.358
                0x002062a4       0x42 ap_bootloader.elf.lto.o
 *fill*         0x002062e6        0x2 
 .sect_bl_ciram_flash_text.hls.198
                0x002062e8      0x2b8 ap_bootloader.elf.lto.o
 .sect_bl_ciram_flash_text.usbpcd_proc_req.24
                0x002065a0       0x24 ap_bootloader.elf.lto.o
 .sect_bl_ciram_flash_text.usbd_funclib.166
                0x002065c4       0x5c ap_bootloader.elf.lto.o
 .sect_bl_ciram_flash_text.device_vcom.439
                0x00206620       0xfe ap_bootloader.elf.lto.o
 .sect_bl_ciram_flash_text.device_vcom.490
                0x0020671e       0x9a ap_bootloader.elf.lto.o
 .sect_bl_ciram_flash_text.device_vcom.734
                0x002067b8       0xdc ap_bootloader.elf.lto.o
 .sect_bl_ciram_flash_text.usbpcd_proc.231
                0x00206894       0xd8 ap_bootloader.elf.lto.o
 .sect_bl_ciram_flash_text.function_vcom_tpl.1292
                0x0020696c      0x2fc ap_bootloader.elf.lto.o
 .sect_bl_ciram_flash_text.device_vcom.244
                0x00206c68       0x2a ap_bootloader.elf.lto.o
 *fill*         0x00206c92        0x2 
 .sect_bl_ciram_flash_text.usbpcd_proc.156
                0x00206c94      0x3f0 ap_bootloader.elf.lto.o
 .sect_bl_ciram_flash_text.function_vcom_tpl.380
                0x00207084       0xdc ap_bootloader.elf.lto.o
 .sect_bl_ciram_flash_text.usbpcd_proc.186
                0x00207160       0x74 ap_bootloader.elf.lto.o
 .sect_bl_ciram_flash_text.fota_nvm.933
                0x002071d4       0x98 ap_bootloader.elf.lto.o
 .sect_bl_ciram_flash_text.function_vcom_tpl.1028
                0x0020726c       0x98 ap_bootloader.elf.lto.o
 .sect_bl_ciram_flash_text.image_s.97
                0x00207304       0x26 ap_bootloader.elf.lto.o
 .sect_bl_ciram_flash_text.image_s.79
                0x0020732a       0x22 ap_bootloader.elf.lto.o
 .sect_bl_ciram_flash_text.image_s.27
                0x0020734c       0x7a ap_bootloader.elf.lto.o
 *fill*         0x002073c6        0x2 
 .sect_bl_ciram_flash_text.usb_bl_api.49
                0x002073c8       0x48 ap_bootloader.elf.lto.o
 .sect_bl_ciram_flash_text.ec_main.368
                0x00207410       0xc0 ap_bootloader.elf.lto.o
 .sect_bl_ciram_flash_text.ec_main.376
                0x002074d0       0x3c ap_bootloader.elf.lto.o
 .sect_bl_ciram_flash_text.ec_main.409
                0x0020750c       0x24 ap_bootloader.elf.lto.o
 .sect_bl_ciram_flash_text.bl_print.7
                0x00207530       0x12 ap_bootloader.elf.lto.o
 *fill*         0x00207542        0x2 
 .sect_bl_ciram_flash_text.bl_print.195
                0x00207544      0x114 ap_bootloader.elf.lto.o
 .sect_bl_ciram_flash_text.bl_print.284
                0x00207658      0x1b4 ap_bootloader.elf.lto.o
 .sect_bl_ciram_flash_text.plat_config.1157
                0x0020780c       0x98 ap_bootloader.elf.lto.o
 .sect_bl_ciram_flash_text.fota_man.1304
                0x002078a4       0x58 ap_bootloader.elf.lto.o
 .sect_bl_ciram_flash_text.fota_nvm.1224
                0x002078fc       0x3c ap_bootloader.elf.lto.o
 .sect_bl_ciram_flash_text.fota_nvm.1205
                0x00207938       0x3c ap_bootloader.elf.lto.o
 .sect_bl_ciram_flash_text.fota_nvm.1186
                0x00207974       0x40 ap_bootloader.elf.lto.o
 .sect_bl_ciram_flash_text.fota_nvm.494
                0x002079b4       0xbc ap_bootloader.elf.lto.o
 .sect_bl_ciram_flash_text.fota_nvm.1072
                0x00207a70        0x4 ap_bootloader.elf.lto.o
 .sect_bl_ciram_flash_text.fota_nvm.585
                0x00207a74       0xd0 ap_bootloader.elf.lto.o
 .sect_bl_ciram_flash_text.fota_nvm.1041
                0x00207b44       0xbc ap_bootloader.elf.lto.o
 .sect_bl_ciram_flash_text.fota_zipcodec.81
                0x00207c00       0x4c ap_bootloader.elf.lto.o
 .sect_bl_ciram_flash_text.fota_custom.133
                0x00207c4c       0x58 ap_bootloader.elf.lto.o
 .sect_bl_ciram_flash_text.fota_chksum.87
                0x00207ca4       0x38 ap_bootloader.elf.lto.o
 .sect_bl_ciram_flash_text.fota_chksum.65
                0x00207cdc       0x1c ap_bootloader.elf.lto.o
 .sect_bl_ciram_flash_text.fota_chksum.41
                0x00207cf8       0x28 ap_bootloader.elf.lto.o
 .sect_bl_ciram_flash_text.fota_man.459
                0x00207d20      0x11c ap_bootloader.elf.lto.o
 .sect_bl_ciram_flash_text.fota_man.1166
                0x00207e3c       0x6c ap_bootloader.elf.lto.o
 .sect_bl_ciram_flash_text.fota_parchive.119
                0x00207ea8       0x2c ap_bootloader.elf.lto.o
 .sect_bl_ciram_flash_text.fota_man.1050
                0x00207ed4       0x98 ap_bootloader.elf.lto.o
 .sect_bl_ciram_flash_text.fota_man.1501
                0x00207f6c       0x44 ap_bootloader.elf.lto.o
 .sect_bl_ciram_flash_text.fota_nvm.829
                0x00207fb0       0x94 ap_bootloader.elf.lto.o
 .sect_bl_ciram_flash_text.plat_config.985
                0x00208044       0x2c ap_bootloader.elf.lto.o
 .sect_bl_ciram_flash_text.fota_patch.474
                0x00208070       0x4c ap_bootloader.elf.lto.o
 .sect_bl_ciram_flash_text.fota_patch.513
                0x002080bc      0x380 ap_bootloader.elf.lto.o
 .sect_bl_ciram_flash_text.fota_hls.132
                0x0020843c       0x78 ap_bootloader.elf.lto.o
 .sect_bl_ciram_flash_text.fota_man.659
                0x002084b4      0x114 ap_bootloader.elf.lto.o
 .sect_bl_ciram_flash_text.fota_man.1486
                0x002085c8       0x38 ap_bootloader.elf.lto.o
 .sect_bl_ciram_flash_text.fota_man.1132
                0x00208600       0x64 ap_bootloader.elf.lto.o
 .sect_bl_ciram_flash_text.wdt.123
                0x00208664       0x3c ap_bootloader.elf.lto.o
 .sect_bl_ciram_flash_text.ec_main.325
                0x002086a0       0x38 ap_bootloader.elf.lto.o
 .sect_bl_ciram_flash_text.ec_main.339
                0x002086d8       0x8c ap_bootloader.elf.lto.o
 .sect_bl_ciram_flash_text.bzlib.1208
                0x00208764     0x22e4 ap_bootloader.elf.lto.o
 .sect_bl_ciram_flash_text.fota_patch.115
                0x0020aa48      0x110 ap_bootloader.elf.lto.o
 .sect_bl_ciram_flash_text.fota_patch.725
                0x0020ab58     0x17a8 ap_bootloader.elf.lto.o
 .sect_bl_ciram_flash_text.fota_man.528
                0x0020c300      0x6a4 ap_bootloader.elf.lto.o
 .sect_bl_ciram_flash_text.fota_nvm.1022
                0x0020c9a4      0x154 ap_bootloader.elf.lto.o
 .sect_bl_ciram_flash_text.syscalls.71
                0x0020caf8        0x2 ap_bootloader.elf.lto.o
                0x0020caf8                _exit
 *fill*         0x0020cafa        0x2 
 .sect_bl_ciram_flash_text.plat_config.1023
                0x0020cafc      0x1ac ap_bootloader.elf.lto.o
                0x0020cafc                BSP_LoadPlatConfigFromRawFlash
 .sect_bl_ciram_flash_text.ec_main.523
                0x0020cca8       0x8c ap_bootloader.elf.lto.o
 .sect_bl_ciram_flash_text.usbd_multi_usrcfg_custom.293
                0x0020cd34      0x540 ap_bootloader.elf.lto.o
                0x0020cd34                USB_IRQ_Handler
 .sect_bl_ciram_flash_text.fota_custom.285
                0x0020d274      0x698 ap_bootloader.elf.lto.o
 .sect_bl_ciram_flash_text.ec_main.611
                0x0020d90c      0x630 ap_bootloader.elf.lto.o
                0x0020d90c                ec_main
 *(.sect_bl_ciram_flash_rodata.*)
 .sect_bl_ciram_flash_rodata.crctable.32
                0x0020df3c      0x400 ap_bootloader.elf.lto.o
 .sect_bl_ciram_flash_rodata.fota_man.258
                0x0020e33c       0xb8 ap_bootloader.elf.lto.o
 .sect_bl_ciram_flash_rodata.randtable.26
                0x0020e3f4      0x800 ap_bootloader.elf.lto.o
 *(.sect_flash_text.*)
 .sect_flash_text.flash.461
                0x0020ebf4        0xc ap_bootloader.elf.lto.o
 .sect_flash_text.flash.2970
                0x0020ec00       0x18 ap_bootloader.elf.lto.o
 .sect_flash_text.flash.445
                0x0020ec18       0x24 ap_bootloader.elf.lto.o
 .sect_flash_text.flash.516
                0x0020ec3c       0x44 ap_bootloader.elf.lto.o
 .sect_flash_text.flash.338
                0x0020ec80       0x74 ap_bootloader.elf.lto.o
 .sect_flash_text.flash.738
                0x0020ecf4       0x94 ap_bootloader.elf.lto.o
 .sect_flash_text.flash.394
                0x0020ed88       0x70 ap_bootloader.elf.lto.o
 .sect_flash_text.flash.474
                0x0020edf8       0x50 ap_bootloader.elf.lto.o
 .sect_flash_text.flash.1747
                0x0020ee48       0xc4 ap_bootloader.elf.lto.o
 .sect_flash_text.flash.1858
                0x0020ef0c       0xa4 ap_bootloader.elf.lto.o
 .sect_flash_text.flash.557
                0x0020efb0       0xcc ap_bootloader.elf.lto.o
 .sect_flash_text.flash.2226
                0x0020f07c       0x64 ap_bootloader.elf.lto.o
 .sect_flash_text.flash.2324
                0x0020f0e0        0x8 ap_bootloader.elf.lto.o
 .sect_flash_text.flash.3014
                0x0020f0e8       0x24 ap_bootloader.elf.lto.o
 .sect_flash_text.flash.3031
                0x0020f10c       0x24 ap_bootloader.elf.lto.o
 .sect_flash_text.flash.3054
                0x0020f130       0x74 ap_bootloader.elf.lto.o
 .sect_flash_text.flash.1401
                0x0020f1a4       0xb8 ap_bootloader.elf.lto.o
 .sect_flash_text.flash.1268
                0x0020f25c       0xcc ap_bootloader.elf.lto.o
 .sect_flash_text.flash.1073
                0x0020f328       0x98 ap_bootloader.elf.lto.o
 *(.sect_platPARamcode_text.*)
 .sect_platPARamcode_text.gpr.404
                0x0020f3c0       0x28 ap_bootloader.elf.lto.o
 .sect_platPARamcode_text.gpr.414
                0x0020f3e8       0x28 ap_bootloader.elf.lto.o
 .sect_platPARamcode_text.gpr.771
                0x0020f410       0x38 ap_bootloader.elf.lto.o
 .sect_platPARamcode_text.gpr.785
                0x0020f448       0x44 ap_bootloader.elf.lto.o
 .sect_platPARamcode_text.clock.252
                0x0020f48c       0x84 ap_bootloader.elf.lto.o
 .sect_platPARamcode_text.gpr.808
                0x0020f510       0x3c ap_bootloader.elf.lto.o
 .sect_platPARamcode_text.clock.302
                0x0020f54c       0x6c ap_bootloader.elf.lto.o
 *(.memcpy.armv7m*)
 .memcpy.armv7m
                0x0020f5b8       0xec ../../../../../../../PLAT/gccout/ec7xx_0h00_ec716e/ap/bootloader/lib/libdriver.a(memcpy-armv7m.o)
                0x0020f5b8                memcpy
 *(.glue_7)
 .glue_7        0x0020f6a4        0x0 linker stubs
 *(.glue_7t)
 .glue_7t       0x0020f6a4        0x0 linker stubs
 *(.vfpll_veneer)
 *(.v4_bx)
 .v4_bx         0x0020f6a4        0x0 linker stubs
 *(.init*)
 .init          0x0020f6a4        0x4 c:/gcc/bin/../lib/gcc/arm-none-eabi/10.2.1/thumb/v7-m/nofp/crti.o
                0x0020f6a4                _init
 *(.fini*)
 .fini          0x0020f6a8        0x4 c:/gcc/bin/../lib/gcc/arm-none-eabi/10.2.1/thumb/v7-m/nofp/crti.o
                0x0020f6a8                _fini
 *(.iplt)
 .iplt          0x0020f6ac        0x0 ../../../../../../../PLAT/gccout/ec7xx_0h00_ec716e/ap/bootloader/lib/libstartup.a(startup_ec7xx_gcc.o)
 *(.igot.plt)
 .igot.plt      0x0020f6ac        0x0 ../../../../../../../PLAT/gccout/ec7xx_0h00_ec716e/ap/bootloader/lib/libstartup.a(startup_ec7xx_gcc.o)
 *(.rel.iplt)
 .rel.iplt      0x0020f6ac        0x0 ../../../../../../../PLAT/gccout/ec7xx_0h00_ec716e/ap/bootloader/lib/libstartup.a(startup_ec7xx_gcc.o)
                0x0020f6ac                . = ALIGN (0x4)
                0x0000b6ac                Image$$LOAD_CIRAM_RAMCODE$$Length = SIZEOF (.load_ciram)
                0x00402800                _fota_mux_buf_start = 0x402800
                0x00500000                _fota_mux_buf_end = 0x500000
                0x00000001                ASSERT ((_fota_mux_buf_start >= end_msmb_software_loc), bootloader software use too much msmb, overlap with fota buf!)
                0x00402800                _compress_buf_start = 0x402800
                0x004bce00                _compress_buf_end = 0x4bce00
                0x00402800                _decompress_buf_start = 0x402800
                0x0043f400                _decompress_buf_end = 0x43f400
                0x00200010                _heap_memory_start = 0x200010
                0x00204000                _heap_memory_end = 0x204000
                0x00003ff0                __heap_memory_size = (_heap_memory_end - _heap_memory_start)
                0x00000001                ASSERT ((__heap_memory_size <= 0x3ff0), Can't expand the size of heap, with the risk of overwriting other Sram!)
START GROUP
LOAD c:/gcc/bin/../lib/gcc/arm-none-eabi/10.2.1/thumb/v7-m/nofp\libgcc.a
LOAD c:/gcc/bin/../lib/gcc/arm-none-eabi/10.2.1/../../../../arm-none-eabi/lib/thumb/v7-m/nofp\libc.a
LOAD c:/gcc/bin/../lib/gcc/arm-none-eabi/10.2.1/../../../../arm-none-eabi/lib/thumb/v7-m/nofp\libm.a
END GROUP
OUTPUT(../../../../../../../PLAT/gccout/ec7xx_0h00_ec716e/ap/bootloader/ap_bootloader.elf elf32-littlearm)
LOAD linker stubs

.ARM.attributes
                0x00000000       0x29
 .ARM.attributes
                0x00000000       0x1d c:/gcc/bin/../lib/gcc/arm-none-eabi/10.2.1/thumb/v7-m/nofp/crti.o
 .ARM.attributes
                0x0000001d       0x2b ap_bootloader.elf.lto.o
 .ARM.attributes
                0x00000048       0x21 ../../../../../../../PLAT/gccout/ec7xx_0h00_ec716e/ap/bootloader/lib/libstartup.a(startup_ec7xx_gcc.o)
 .ARM.attributes
                0x00000069       0x1b ../../../../../../../PLAT/gccout/ec7xx_0h00_ec716e/ap/bootloader/lib/libdriver.a(memcpy-armv7m.o)
 .ARM.attributes
                0x00000084       0x2d c:/gcc/bin/../lib/gcc/arm-none-eabi/10.2.1/../../../../arm-none-eabi/lib/thumb/v7-m/nofp\libc_nano.a(lib_a-memmove.o)
 .ARM.attributes
                0x000000b1       0x2d c:/gcc/bin/../lib/gcc/arm-none-eabi/10.2.1/../../../../arm-none-eabi/lib/thumb/v7-m/nofp\libc_nano.a(lib_a-memset.o)
 .ARM.attributes
                0x000000de       0x2d c:/gcc/bin/../lib/gcc/arm-none-eabi/10.2.1/../../../../arm-none-eabi/lib/thumb/v7-m/nofp\libc_nano.a(lib_a-qsort.o)
 .ARM.attributes
                0x0000010b       0x2d c:/gcc/bin/../lib/gcc/arm-none-eabi/10.2.1/../../../../arm-none-eabi/lib/thumb/v7-m/nofp\libc_nano.a(lib_a-strcpy.o)
 .ARM.attributes
                0x00000138       0x17 c:/gcc/bin/../lib/gcc/arm-none-eabi/10.2.1/../../../../arm-none-eabi/lib/thumb/v7-m/nofp\libc_nano.a(lib_a-strlen.o)
 .ARM.attributes
                0x0000014f       0x2d c:/gcc/bin/../lib/gcc/arm-none-eabi/10.2.1/../../../../arm-none-eabi/lib/thumb/v7-m/nofp\libc_nano.a(lib_a-strncmp.o)
 .ARM.attributes
                0x0000017c       0x2d c:/gcc/bin/../lib/gcc/arm-none-eabi/10.2.1/../../../../arm-none-eabi/lib/thumb/v7-m/nofp\libc_nano.a(lib_a-memcmp.o)

.comment        0x00000000       0x4d
 .comment       0x00000000       0x4d ap_bootloader.elf.lto.o
                                 0x4e (size before relaxing)

.debug_info     0x00000000    0x3757c
 .debug_info    0x00000000    0x1a5eb ap_bootloader.elf.lto.o
 .debug_info    0x0001a5eb      0xf99 C:\Users\z\AppData\Local\Temp\cc7YGWNk.debug.temp.o
                0x0001a5eb                ec_main.c.0143904e
 .debug_info    0x0001b584      0xbea C:\Users\z\AppData\Local\Temp\ccqMPcjK.debug.temp.o
                0x0001b584                bl_uart.c.86c282c5
 .debug_info    0x0001c16e      0x365 C:\Users\z\AppData\Local\Temp\ccJd7488.debug.temp.o
                0x0001c16e                bl_print.c.10c53694
 .debug_info    0x0001c4d3      0x629 C:\Users\z\AppData\Local\Temp\ccwmvNfy.debug.temp.o
                0x0001c4d3                stub_os.c.f527da59
 .debug_info    0x0001cafc      0x967 C:\Users\z\AppData\Local\Temp\ccbNKPdX.debug.temp.o
                0x0001cafc                image.c.90e738d4
 .debug_info    0x0001d463      0x4f4 C:\Users\z\AppData\Local\Temp\ccOCN2hl.debug.temp.o
                0x0001d463                sha256.c.5c0b5531
 .debug_info    0x0001d957      0x252 C:\Users\z\AppData\Local\Temp\ccWTuNo7.debug.temp.o
                0x0001d957                prec_init.c.6563565b
 .debug_info    0x0001dba9      0x4ce C:\Users\z\AppData\Local\Temp\cc1nhHUu.debug.temp.o
                0x0001dba9                syscalls.c.085f8079
 .debug_info    0x0001e077      0x8ec C:\Users\z\AppData\Local\Temp\ccYlxVVS.debug.temp.o
                0x0001e077                system_ec7xx.c.c6fdc277
 .debug_info    0x0001e963      0x7cb C:\Users\z\AppData\Local\Temp\cchT3TJk.debug.temp.o
                0x0001e963                plat_config.c.13a24f66
 .debug_info    0x0001f12e      0x6b0 C:\Users\z\AppData\Local\Temp\cc1FxQPe.debug.temp.o
                0x0001f12e                hal_misc.c.849c5451
 .debug_info    0x0001f7de      0x968 C:\Users\z\AppData\Local\Temp\ccX6kUW7.debug.temp.o
                0x0001f7de                gpio.c.db6512c2
 .debug_info    0x00020146      0x863 C:\Users\z\AppData\Local\Temp\cccskaZy.debug.temp.o
                0x00020146                pad.c.54be5219
 .debug_info    0x000209a9      0x727 C:\Users\z\AppData\Local\Temp\cclk4Kw0.debug.temp.o
                0x000209a9                wdt.c.72bf2cc0
 .debug_info    0x000210d0      0xaca C:\Users\z\AppData\Local\Temp\ccITuCUr.debug.temp.o
                0x000210d0                oneWire.c.4fbb91b8
 .debug_info    0x00021b9a      0xe62 C:\Users\z\AppData\Local\Temp\ccdbWXkS.debug.temp.o
                0x00021b9a                clock.c.3176f271
 .debug_info    0x000229fc      0x207 C:\Users\z\AppData\Local\Temp\ccG1jQbj.debug.temp.o
                0x000229fc                usbd_proc_cb_custom.c.bdd8d122
 .debug_info    0x00022c03      0xc64 C:\Users\z\AppData\Local\Temp\cc9dtXSJ.debug.temp.o
                0x00022c03                usbd_multi_usrcfg_custom.c.a907b2a6
 .debug_info    0x00023867      0x2f0 C:\Users\z\AppData\Local\Temp\ccYBMJU9.debug.temp.o
                0x00023867                usb_bl_api.c.c385407d
 .debug_info    0x00023b57      0x7e2 C:\Users\z\AppData\Local\Temp\cc1GMMMz.debug.temp.o
                0x00023b57                usb_bl_test.c.915a17ab
 .debug_info    0x00024339      0xd77 C:\Users\z\AppData\Local\Temp\ccWxFAVZ.debug.temp.o
                0x00024339                function_vcom_inherent.c.0f91d60b
 .debug_info    0x000250b0      0x88e C:\Users\z\AppData\Local\Temp\cc30o71t.debug.temp.o
                0x000250b0                function_vcom_custp1.c.a4d1b5bc
 .debug_info    0x0002593e      0xa63 C:\Users\z\AppData\Local\Temp\ccSoqQYX.debug.temp.o
                0x0002593e                function_vcom_custp2.c.b96d2e16
 .debug_info    0x000263a1      0x1e2 C:\Users\z\AppData\Local\Temp\ccXMR8ls.debug.temp.o
                0x000263a1                mw_aal_hash.c.475ad4de
 .debug_info    0x00026583      0xe3c C:\Users\z\AppData\Local\Temp\ccE07qEW.debug.temp.o
                0x00026583                nvram.c.d558cf13
 .debug_info    0x000273bf      0x63e C:\Users\z\AppData\Local\Temp\ccX59Q2p.debug.temp.o
                0x000273bf                fota_utils.c.3e203e7d
 .debug_info    0x000279fd      0xe41 C:\Users\z\AppData\Local\Temp\ccYh4qET.debug.temp.o
                0x000279fd                fota_nvm.c.38b6ba64
 .debug_info    0x0002883e      0x18d C:\Users\z\AppData\Local\Temp\cclF8FAm.debug.temp.o
                0x0002883e                fota_zipcodec.c.c00ffc80
 .debug_info    0x000289cb      0x63d C:\Users\z\AppData\Local\Temp\cc6AuKNP.debug.temp.o
                0x000289cb                fota_entry.c.e64eb9de
 .debug_info    0x00029008      0x1fb C:\Users\z\AppData\Local\Temp\cctmFOVi.debug.temp.o
                0x00029008                fota_mem.c.1fdce935
 .debug_info    0x00029203      0x982 C:\Users\z\AppData\Local\Temp\cc4YFn6K.debug.temp.o
                0x00029203                fota_custom.c.4345d5b4
 .debug_info    0x00029b85      0x61e C:\Users\z\AppData\Local\Temp\ccNLLJxd.debug.temp.o
                0x00029b85                fota_chksum.c.4b4b452c
 .debug_info    0x0002a1a3      0x472 C:\Users\z\AppData\Local\Temp\cc8x80pO.debug.temp.o
                0x0002a1a3                Xz.c.5945e945
 .debug_info    0x0002a615      0x296 C:\Users\z\AppData\Local\Temp\cc0eSLoW.debug.temp.o
                0x0002a615                g7zCrc.c.b917aac3
 .debug_info    0x0002a8ab      0x1db C:\Users\z\AppData\Local\Temp\ccKfXFn3.debug.temp.o
                0x0002a8ab                XzCrc64.c.c469c147
 .debug_info    0x0002aa86     0x1930 C:\Users\z\AppData\Local\Temp\cc43UFbe.debug.temp.o
                0x0002aa86                LzFind.c.3632b8ab
 .debug_info    0x0002c3b6     0x2d89 C:\Users\z\AppData\Local\Temp\ccjMIBhT.debug.temp.o
                0x0002c3b6                LzmaEnc.c.bed84731
 .debug_info    0x0002f13f      0x19b C:\Users\z\AppData\Local\Temp\cctqrV44.debug.temp.o
                0x0002f13f                g7zAlloc.c.59e5bb2b
 .debug_info    0x0002f2da      0x33c C:\Users\z\AppData\Local\Temp\cccOgLyQ.debug.temp.o
                0x0002f2da                Alloc.c.696cb9d2
 .debug_info    0x0002f616      0x5da C:\Users\z\AppData\Local\Temp\ccFiX0Dq.debug.temp.o
                0x0002f616                Aes.c.ba0857ba
 .debug_info    0x0002fbf0     0x1f6d C:\Users\z\AppData\Local\Temp\ccs4RtZc.debug.temp.o
                0x0002fbf0                g7zArcIn.c.3b0de473
 .debug_info    0x00031b5d     0x10b9 C:\Users\z\AppData\Local\Temp\ccpmaWnQ.debug.temp.o
                0x00031b5d                g7zFile.c.cf96f06f
 .debug_info    0x00032c16      0xe9c C:\Users\z\AppData\Local\Temp\cccU5gZJ.debug.temp.o
                0x00032c16                LzmaDec.c.1087adfe
 .debug_info    0x00033ab2     0x1e19 C:\Users\z\AppData\Local\Temp\ccL7tbQo.debug.temp.o
                0x00033ab2                LzmaEc.c.80393344
 .debug_info    0x000358cb     0x1c65 C:\Users\z\AppData\Local\Temp\ccARA9T3.debug.temp.o
                0x000358cb                uECC.c.c1eee5dd
 .debug_info    0x00037530       0x26 ../../../../../../../PLAT/gccout/ec7xx_0h00_ec716e/ap/bootloader/lib/libstartup.a(startup_ec7xx_gcc.o)
 .debug_info    0x00037556       0x26 ../../../../../../../PLAT/gccout/ec7xx_0h00_ec716e/ap/bootloader/lib/libdriver.a(memcpy-armv7m.o)

.debug_abbrev   0x00000000     0x53dc
 .debug_abbrev  0x00000000      0xc68 ap_bootloader.elf.lto.o
 .debug_abbrev  0x00000c68      0x2c6 C:\Users\z\AppData\Local\Temp\cc7YGWNk.debug.temp.o
 .debug_abbrev  0x00000f2e      0x1b9 C:\Users\z\AppData\Local\Temp\ccqMPcjK.debug.temp.o
 .debug_abbrev  0x000010e7      0x126 C:\Users\z\AppData\Local\Temp\ccJd7488.debug.temp.o
 .debug_abbrev  0x0000120d      0x14c C:\Users\z\AppData\Local\Temp\ccwmvNfy.debug.temp.o
 .debug_abbrev  0x00001359      0x17b C:\Users\z\AppData\Local\Temp\ccbNKPdX.debug.temp.o
 .debug_abbrev  0x000014d4      0x16e C:\Users\z\AppData\Local\Temp\ccOCN2hl.debug.temp.o
 .debug_abbrev  0x00001642       0xc5 C:\Users\z\AppData\Local\Temp\ccWTuNo7.debug.temp.o
 .debug_abbrev  0x00001707      0x129 C:\Users\z\AppData\Local\Temp\cc1nhHUu.debug.temp.o
 .debug_abbrev  0x00001830      0x172 C:\Users\z\AppData\Local\Temp\ccYlxVVS.debug.temp.o
 .debug_abbrev  0x000019a2      0x224 C:\Users\z\AppData\Local\Temp\cchT3TJk.debug.temp.o
 .debug_abbrev  0x00001bc6      0x170 C:\Users\z\AppData\Local\Temp\cc1FxQPe.debug.temp.o
 .debug_abbrev  0x00001d36      0x1d5 C:\Users\z\AppData\Local\Temp\ccX6kUW7.debug.temp.o
 .debug_abbrev  0x00001f0b      0x157 C:\Users\z\AppData\Local\Temp\cccskaZy.debug.temp.o
 .debug_abbrev  0x00002062      0x1e2 C:\Users\z\AppData\Local\Temp\cclk4Kw0.debug.temp.o
 .debug_abbrev  0x00002244      0x1cf C:\Users\z\AppData\Local\Temp\ccITuCUr.debug.temp.o
 .debug_abbrev  0x00002413      0x235 C:\Users\z\AppData\Local\Temp\ccdbWXkS.debug.temp.o
 .debug_abbrev  0x00002648       0xaa C:\Users\z\AppData\Local\Temp\ccG1jQbj.debug.temp.o
 .debug_abbrev  0x000026f2      0x187 C:\Users\z\AppData\Local\Temp\cc9dtXSJ.debug.temp.o
 .debug_abbrev  0x00002879       0xe5 C:\Users\z\AppData\Local\Temp\ccYBMJU9.debug.temp.o
 .debug_abbrev  0x0000295e      0x195 C:\Users\z\AppData\Local\Temp\cc1GMMMz.debug.temp.o
 .debug_abbrev  0x00002af3      0x1b0 C:\Users\z\AppData\Local\Temp\ccWxFAVZ.debug.temp.o
 .debug_abbrev  0x00002ca3      0x166 C:\Users\z\AppData\Local\Temp\cc30o71t.debug.temp.o
 .debug_abbrev  0x00002e09      0x175 C:\Users\z\AppData\Local\Temp\ccSoqQYX.debug.temp.o
 .debug_abbrev  0x00002f7e       0xfc C:\Users\z\AppData\Local\Temp\ccXMR8ls.debug.temp.o
 .debug_abbrev  0x0000307a      0x1fa C:\Users\z\AppData\Local\Temp\ccE07qEW.debug.temp.o
 .debug_abbrev  0x00003274      0x1b1 C:\Users\z\AppData\Local\Temp\ccX59Q2p.debug.temp.o
 .debug_abbrev  0x00003425      0x202 C:\Users\z\AppData\Local\Temp\ccYh4qET.debug.temp.o
 .debug_abbrev  0x00003627       0xc5 C:\Users\z\AppData\Local\Temp\cclF8FAm.debug.temp.o
 .debug_abbrev  0x000036ec       0xca C:\Users\z\AppData\Local\Temp\cc6AuKNP.debug.temp.o
 .debug_abbrev  0x000037b6       0xf1 C:\Users\z\AppData\Local\Temp\cctmFOVi.debug.temp.o
 .debug_abbrev  0x000038a7      0x1d0 C:\Users\z\AppData\Local\Temp\cc4YFn6K.debug.temp.o
 .debug_abbrev  0x00003a77       0xee C:\Users\z\AppData\Local\Temp\ccNLLJxd.debug.temp.o
 .debug_abbrev  0x00003b65      0x186 C:\Users\z\AppData\Local\Temp\cc8x80pO.debug.temp.o
 .debug_abbrev  0x00003ceb      0x133 C:\Users\z\AppData\Local\Temp\cc0eSLoW.debug.temp.o
 .debug_abbrev  0x00003e1e      0x11b C:\Users\z\AppData\Local\Temp\ccKfXFn3.debug.temp.o
 .debug_abbrev  0x00003f39      0x240 C:\Users\z\AppData\Local\Temp\cc43UFbe.debug.temp.o
 .debug_abbrev  0x00004179      0x259 C:\Users\z\AppData\Local\Temp\ccjMIBhT.debug.temp.o
 .debug_abbrev  0x000043d2       0xf4 C:\Users\z\AppData\Local\Temp\cctqrV44.debug.temp.o
 .debug_abbrev  0x000044c6      0x1d4 C:\Users\z\AppData\Local\Temp\cccOgLyQ.debug.temp.o
 .debug_abbrev  0x0000469a      0x170 C:\Users\z\AppData\Local\Temp\ccFiX0Dq.debug.temp.o
 .debug_abbrev  0x0000480a      0x237 C:\Users\z\AppData\Local\Temp\ccs4RtZc.debug.temp.o
 .debug_abbrev  0x00004a41      0x24c C:\Users\z\AppData\Local\Temp\ccpmaWnQ.debug.temp.o
 .debug_abbrev  0x00004c8d      0x21b C:\Users\z\AppData\Local\Temp\cccU5gZJ.debug.temp.o
 .debug_abbrev  0x00004ea8      0x2b8 C:\Users\z\AppData\Local\Temp\ccL7tbQo.debug.temp.o
 .debug_abbrev  0x00005160      0x254 C:\Users\z\AppData\Local\Temp\ccARA9T3.debug.temp.o
 .debug_abbrev  0x000053b4       0x14 ../../../../../../../PLAT/gccout/ec7xx_0h00_ec716e/ap/bootloader/lib/libstartup.a(startup_ec7xx_gcc.o)
 .debug_abbrev  0x000053c8       0x14 ../../../../../../../PLAT/gccout/ec7xx_0h00_ec716e/ap/bootloader/lib/libdriver.a(memcpy-armv7m.o)

.debug_loc      0x00000000    0x1cedd
 .debug_loc     0x00000000    0x1cedd ap_bootloader.elf.lto.o

.debug_aranges  0x00000000      0xbc8
 .debug_aranges
                0x00000000      0xb88 ap_bootloader.elf.lto.o
 .debug_aranges
                0x00000b88       0x20 ../../../../../../../PLAT/gccout/ec7xx_0h00_ec716e/ap/bootloader/lib/libstartup.a(startup_ec7xx_gcc.o)
 .debug_aranges
                0x00000ba8       0x20 ../../../../../../../PLAT/gccout/ec7xx_0h00_ec716e/ap/bootloader/lib/libdriver.a(memcpy-armv7m.o)

.debug_ranges   0x00000000     0x3e70
 .debug_ranges  0x00000000     0x3e70 ap_bootloader.elf.lto.o

.debug_line     0x00000000    0x28e77
 .debug_line    0x00000000    0x171f5 ap_bootloader.elf.lto.o
 .debug_line    0x000171f5      0x80a C:\Users\z\AppData\Local\Temp\cc7YGWNk.debug.temp.o
 .debug_line    0x000179ff      0x73f C:\Users\z\AppData\Local\Temp\ccqMPcjK.debug.temp.o
 .debug_line    0x0001813e      0x741 C:\Users\z\AppData\Local\Temp\ccJd7488.debug.temp.o
 .debug_line    0x0001887f      0x4c9 C:\Users\z\AppData\Local\Temp\ccwmvNfy.debug.temp.o
 .debug_line    0x00018d48      0x893 C:\Users\z\AppData\Local\Temp\ccbNKPdX.debug.temp.o
 .debug_line    0x000195db      0x2bf C:\Users\z\AppData\Local\Temp\ccOCN2hl.debug.temp.o
 .debug_line    0x0001989a      0x5ee C:\Users\z\AppData\Local\Temp\ccWTuNo7.debug.temp.o
 .debug_line    0x00019e88      0x60f C:\Users\z\AppData\Local\Temp\cc1nhHUu.debug.temp.o
 .debug_line    0x0001a497      0x7e0 C:\Users\z\AppData\Local\Temp\ccYlxVVS.debug.temp.o
 .debug_line    0x0001ac77      0x71f C:\Users\z\AppData\Local\Temp\cchT3TJk.debug.temp.o
 .debug_line    0x0001b396      0x541 C:\Users\z\AppData\Local\Temp\cc1FxQPe.debug.temp.o
 .debug_line    0x0001b8d7      0x4e5 C:\Users\z\AppData\Local\Temp\ccX6kUW7.debug.temp.o
 .debug_line    0x0001bdbc      0x4e3 C:\Users\z\AppData\Local\Temp\cccskaZy.debug.temp.o
 .debug_line    0x0001c29f      0x4e3 C:\Users\z\AppData\Local\Temp\cclk4Kw0.debug.temp.o
 .debug_line    0x0001c782      0x64b C:\Users\z\AppData\Local\Temp\ccITuCUr.debug.temp.o
 .debug_line    0x0001cdcd      0x527 C:\Users\z\AppData\Local\Temp\ccdbWXkS.debug.temp.o
 .debug_line    0x0001d2f4      0x2ee C:\Users\z\AppData\Local\Temp\ccG1jQbj.debug.temp.o
 .debug_line    0x0001d5e2      0x5ab C:\Users\z\AppData\Local\Temp\cc9dtXSJ.debug.temp.o
 .debug_line    0x0001db8d      0x4f9 C:\Users\z\AppData\Local\Temp\ccYBMJU9.debug.temp.o
 .debug_line    0x0001e086      0x826 C:\Users\z\AppData\Local\Temp\cc1GMMMz.debug.temp.o
 .debug_line    0x0001e8ac      0x449 C:\Users\z\AppData\Local\Temp\ccWxFAVZ.debug.temp.o
 .debug_line    0x0001ecf5      0x33b C:\Users\z\AppData\Local\Temp\cc30o71t.debug.temp.o
 .debug_line    0x0001f030      0x33b C:\Users\z\AppData\Local\Temp\ccSoqQYX.debug.temp.o
 .debug_line    0x0001f36b      0x780 C:\Users\z\AppData\Local\Temp\ccXMR8ls.debug.temp.o
 .debug_line    0x0001faeb      0x768 C:\Users\z\AppData\Local\Temp\ccE07qEW.debug.temp.o
 .debug_line    0x00020253      0x6b5 C:\Users\z\AppData\Local\Temp\ccX59Q2p.debug.temp.o
 .debug_line    0x00020908      0x74f C:\Users\z\AppData\Local\Temp\ccYh4qET.debug.temp.o
 .debug_line    0x00021057      0x682 C:\Users\z\AppData\Local\Temp\cclF8FAm.debug.temp.o
 .debug_line    0x000216d9      0x83a C:\Users\z\AppData\Local\Temp\cc6AuKNP.debug.temp.o
 .debug_line    0x00021f13      0x6ea C:\Users\z\AppData\Local\Temp\cctmFOVi.debug.temp.o
 .debug_line    0x000225fd      0x6c6 C:\Users\z\AppData\Local\Temp\cc4YFn6K.debug.temp.o
 .debug_line    0x00022cc3      0x8b8 C:\Users\z\AppData\Local\Temp\ccNLLJxd.debug.temp.o
 .debug_line    0x0002357b      0x639 C:\Users\z\AppData\Local\Temp\cc8x80pO.debug.temp.o
 .debug_line    0x00023bb4      0x61b C:\Users\z\AppData\Local\Temp\cc0eSLoW.debug.temp.o
 .debug_line    0x000241cf      0x61f C:\Users\z\AppData\Local\Temp\ccKfXFn3.debug.temp.o
 .debug_line    0x000247ee      0x742 C:\Users\z\AppData\Local\Temp\cc43UFbe.debug.temp.o
 .debug_line    0x00024f30      0x737 C:\Users\z\AppData\Local\Temp\ccjMIBhT.debug.temp.o
 .debug_line    0x00025667      0x760 C:\Users\z\AppData\Local\Temp\cctqrV44.debug.temp.o
 .debug_line    0x00025dc7      0x75c C:\Users\z\AppData\Local\Temp\cccOgLyQ.debug.temp.o
 .debug_line    0x00026523      0x617 C:\Users\z\AppData\Local\Temp\ccFiX0Dq.debug.temp.o
 .debug_line    0x00026b3a      0x630 C:\Users\z\AppData\Local\Temp\ccs4RtZc.debug.temp.o
 .debug_line    0x0002716a      0x71c C:\Users\z\AppData\Local\Temp\ccpmaWnQ.debug.temp.o
 .debug_line    0x00027886      0x76d C:\Users\z\AppData\Local\Temp\cccU5gZJ.debug.temp.o
 .debug_line    0x00027ff3      0xa64 C:\Users\z\AppData\Local\Temp\ccL7tbQo.debug.temp.o
 .debug_line    0x00028a57      0x2c0 C:\Users\z\AppData\Local\Temp\ccARA9T3.debug.temp.o
 .debug_line    0x00028d17       0x9b ../../../../../../../PLAT/gccout/ec7xx_0h00_ec716e/ap/bootloader/lib/libstartup.a(startup_ec7xx_gcc.o)
 .debug_line    0x00028db2       0xc5 ../../../../../../../PLAT/gccout/ec7xx_0h00_ec716e/ap/bootloader/lib/libdriver.a(memcpy-armv7m.o)

.debug_str      0x00000000    0x4797c
 .debug_str     0x00000000     0x3a26 ap_bootloader.elf.lto.o
                               0x3f7d (size before relaxing)
 .debug_str     0x00003a26    0x26ae0 C:\Users\z\AppData\Local\Temp\cc7YGWNk.debug.temp.o
                              0x27253 (size before relaxing)
 .debug_str     0x0002a506      0x853 C:\Users\z\AppData\Local\Temp\ccqMPcjK.debug.temp.o
                              0x26105 (size before relaxing)
 .debug_str     0x0002ad59      0x161 C:\Users\z\AppData\Local\Temp\ccJd7488.debug.temp.o
                              0x2538b (size before relaxing)
 .debug_str     0x0002aeba     0x130b C:\Users\z\AppData\Local\Temp\ccwmvNfy.debug.temp.o
                               0xb4b0 (size before relaxing)
 .debug_str     0x0002c1c5      0x4db C:\Users\z\AppData\Local\Temp\ccbNKPdX.debug.temp.o
                              0x264c8 (size before relaxing)
 .debug_str     0x0002c6a0      0x5b7 C:\Users\z\AppData\Local\Temp\ccOCN2hl.debug.temp.o
                               0x7767 (size before relaxing)
 .debug_str     0x0002cc57      0x75d C:\Users\z\AppData\Local\Temp\ccWTuNo7.debug.temp.o
                              0x21c9f (size before relaxing)
 .debug_str     0x0002d3b4      0x99f C:\Users\z\AppData\Local\Temp\cc1nhHUu.debug.temp.o
                              0x21a7a (size before relaxing)
 .debug_str     0x0002dd53      0x181 C:\Users\z\AppData\Local\Temp\ccYlxVVS.debug.temp.o
                              0x26611 (size before relaxing)
 .debug_str     0x0002ded4     0x3132 C:\Users\z\AppData\Local\Temp\cchT3TJk.debug.temp.o
                              0x25456 (size before relaxing)
 .debug_str     0x00031006      0x1f4 C:\Users\z\AppData\Local\Temp\cc1FxQPe.debug.temp.o
                              0x1f5d1 (size before relaxing)
 .debug_str     0x000311fa      0x351 C:\Users\z\AppData\Local\Temp\ccX6kUW7.debug.temp.o
                              0x1fc38 (size before relaxing)
 .debug_str     0x0003154b      0x30f C:\Users\z\AppData\Local\Temp\cccskaZy.debug.temp.o
                              0x1fcb4 (size before relaxing)
 .debug_str     0x0003185a      0x212 C:\Users\z\AppData\Local\Temp\cclk4Kw0.debug.temp.o
                              0x1fa9c (size before relaxing)
 .debug_str     0x00031a6c      0x90c C:\Users\z\AppData\Local\Temp\ccITuCUr.debug.temp.o
                              0x227c9 (size before relaxing)
 .debug_str     0x00032378      0x73e C:\Users\z\AppData\Local\Temp\ccdbWXkS.debug.temp.o
                              0x228e8 (size before relaxing)
 .debug_str     0x00032ab6      0x519 C:\Users\z\AppData\Local\Temp\ccG1jQbj.debug.temp.o
                               0x7b23 (size before relaxing)
 .debug_str     0x00032fcf      0xa86 C:\Users\z\AppData\Local\Temp\cc9dtXSJ.debug.temp.o
                               0xbc70 (size before relaxing)
 .debug_str     0x00033a55      0x2d9 C:\Users\z\AppData\Local\Temp\ccYBMJU9.debug.temp.o
                               0xae15 (size before relaxing)
 .debug_str     0x00033d2e      0x308 C:\Users\z\AppData\Local\Temp\cc1GMMMz.debug.temp.o
                              0x26018 (size before relaxing)
 .debug_str     0x00034036      0xdf5 C:\Users\z\AppData\Local\Temp\ccWxFAVZ.debug.temp.o
                               0xae96 (size before relaxing)
 .debug_str     0x00034e2b      0x15d C:\Users\z\AppData\Local\Temp\cc30o71t.debug.temp.o
                               0x7df6 (size before relaxing)
 .debug_str     0x00034f88      0x174 C:\Users\z\AppData\Local\Temp\ccSoqQYX.debug.temp.o
                               0x7f95 (size before relaxing)
 .debug_str     0x000350fc       0xc6 C:\Users\z\AppData\Local\Temp\ccXMR8ls.debug.temp.o
                              0x25373 (size before relaxing)
 .debug_str     0x000351c2      0xae3 C:\Users\z\AppData\Local\Temp\ccE07qEW.debug.temp.o
                              0x23c1e (size before relaxing)
 .debug_str     0x00035ca5     0x23da C:\Users\z\AppData\Local\Temp\ccX59Q2p.debug.temp.o
                              0x23baa (size before relaxing)
 .debug_str     0x0003807f      0xcea C:\Users\z\AppData\Local\Temp\ccYh4qET.debug.temp.o
                              0x24a0d (size before relaxing)
 .debug_str     0x00038d69       0xb1 C:\Users\z\AppData\Local\Temp\cclF8FAm.debug.temp.o
                              0x22f0a (size before relaxing)
 .debug_str     0x00038e1a       0xc6 C:\Users\z\AppData\Local\Temp\cc6AuKNP.debug.temp.o
                              0x267fd (size before relaxing)
 .debug_str     0x00038ee0      0x1c4 C:\Users\z\AppData\Local\Temp\cctmFOVi.debug.temp.o
                              0x2266b (size before relaxing)
 .debug_str     0x000390a4      0x405 C:\Users\z\AppData\Local\Temp\cc4YFn6K.debug.temp.o
                              0x2403b (size before relaxing)
 .debug_str     0x000394a9       0xad C:\Users\z\AppData\Local\Temp\ccNLLJxd.debug.temp.o
                              0x265c9 (size before relaxing)
 .debug_str     0x00039556     0x61ae C:\Users\z\AppData\Local\Temp\cc8x80pO.debug.temp.o
                              0x10102 (size before relaxing)
 .debug_str     0x0003f704      0x1ab C:\Users\z\AppData\Local\Temp\cc0eSLoW.debug.temp.o
                               0xfa2c (size before relaxing)
 .debug_str     0x0003f8af      0x1ed C:\Users\z\AppData\Local\Temp\ccKfXFn3.debug.temp.o
                               0xfa93 (size before relaxing)
 .debug_str     0x0003fa9c     0x180b C:\Users\z\AppData\Local\Temp\cc43UFbe.debug.temp.o
                              0x137ab (size before relaxing)
 .debug_str     0x000412a7     0x1ad3 C:\Users\z\AppData\Local\Temp\ccjMIBhT.debug.temp.o
                              0x140f8 (size before relaxing)
 .debug_str     0x00042d7a       0x8f C:\Users\z\AppData\Local\Temp\cctqrV44.debug.temp.o
                              0x11c13 (size before relaxing)
 .debug_str     0x00042e09      0x368 C:\Users\z\AppData\Local\Temp\cccOgLyQ.debug.temp.o
                              0x11efe (size before relaxing)
 .debug_str     0x00043171      0x5db C:\Users\z\AppData\Local\Temp\ccFiX0Dq.debug.temp.o
                               0xfdfd (size before relaxing)
 .debug_str     0x0004374c     0x10e6 C:\Users\z\AppData\Local\Temp\ccs4RtZc.debug.temp.o
                              0x10a8c (size before relaxing)
 .debug_str     0x00044832      0x499 C:\Users\z\AppData\Local\Temp\ccpmaWnQ.debug.temp.o
                              0x11f66 (size before relaxing)
 .debug_str     0x00044ccb     0x1322 C:\Users\z\AppData\Local\Temp\cccU5gZJ.debug.temp.o
                              0x132c6 (size before relaxing)
 .debug_str     0x00045fed      0x730 C:\Users\z\AppData\Local\Temp\ccL7tbQo.debug.temp.o
                              0x2de03 (size before relaxing)
 .debug_str     0x0004671d     0x1164 C:\Users\z\AppData\Local\Temp\ccARA9T3.debug.temp.o
                               0x82e6 (size before relaxing)
 .debug_str     0x00047881       0xb4 ../../../../../../../PLAT/gccout/ec7xx_0h00_ec716e/ap/bootloader/lib/libstartup.a(startup_ec7xx_gcc.o)
 .debug_str     0x00047935       0x47 ../../../../../../../PLAT/gccout/ec7xx_0h00_ec716e/ap/bootloader/lib/libdriver.a(memcpy-armv7m.o)
                                 0xa3 (size before relaxing)

.debug_frame    0x00000000     0x3174
 .debug_frame   0x00000000     0x3044 ap_bootloader.elf.lto.o
 .debug_frame   0x00003044       0x28 c:/gcc/bin/../lib/gcc/arm-none-eabi/10.2.1/../../../../arm-none-eabi/lib/thumb/v7-m/nofp\libc_nano.a(lib_a-memmove.o)
 .debug_frame   0x0000306c       0x20 c:/gcc/bin/../lib/gcc/arm-none-eabi/10.2.1/../../../../arm-none-eabi/lib/thumb/v7-m/nofp\libc_nano.a(lib_a-memset.o)
 .debug_frame   0x0000308c       0x78 c:/gcc/bin/../lib/gcc/arm-none-eabi/10.2.1/../../../../arm-none-eabi/lib/thumb/v7-m/nofp\libc_nano.a(lib_a-qsort.o)
 .debug_frame   0x00003104       0x20 c:/gcc/bin/../lib/gcc/arm-none-eabi/10.2.1/../../../../arm-none-eabi/lib/thumb/v7-m/nofp\libc_nano.a(lib_a-strcpy.o)
 .debug_frame   0x00003124       0x28 c:/gcc/bin/../lib/gcc/arm-none-eabi/10.2.1/../../../../arm-none-eabi/lib/thumb/v7-m/nofp\libc_nano.a(lib_a-strncmp.o)
 .debug_frame   0x0000314c       0x28 c:/gcc/bin/../lib/gcc/arm-none-eabi/10.2.1/../../../../arm-none-eabi/lib/thumb/v7-m/nofp\libc_nano.a(lib_a-memcmp.o)

.debug_macro    0x00000000    0x308dd
 .debug_macro   0x00000000      0x3ed C:\Users\z\AppData\Local\Temp\cc7YGWNk.debug.temp.o
 .debug_macro   0x000003ed      0xb44 C:\Users\z\AppData\Local\Temp\cc7YGWNk.debug.temp.o
 .debug_macro   0x00000f31       0x22 C:\Users\z\AppData\Local\Temp\cc7YGWNk.debug.temp.o
 .debug_macro   0x00000f53       0x8e C:\Users\z\AppData\Local\Temp\cc7YGWNk.debug.temp.o
 .debug_macro   0x00000fe1       0x51 C:\Users\z\AppData\Local\Temp\cc7YGWNk.debug.temp.o
 .debug_macro   0x00001032      0x103 C:\Users\z\AppData\Local\Temp\cc7YGWNk.debug.temp.o
 .debug_macro   0x00001135       0x6a C:\Users\z\AppData\Local\Temp\cc7YGWNk.debug.temp.o
 .debug_macro   0x0000119f      0x1df C:\Users\z\AppData\Local\Temp\cc7YGWNk.debug.temp.o
 .debug_macro   0x0000137e       0xbd C:\Users\z\AppData\Local\Temp\cc7YGWNk.debug.temp.o
 .debug_macro   0x0000143b       0x10 C:\Users\z\AppData\Local\Temp\cc7YGWNk.debug.temp.o
 .debug_macro   0x0000144b       0x48 C:\Users\z\AppData\Local\Temp\cc7YGWNk.debug.temp.o
 .debug_macro   0x00001493       0x2d C:\Users\z\AppData\Local\Temp\cc7YGWNk.debug.temp.o
 .debug_macro   0x000014c0       0x1c C:\Users\z\AppData\Local\Temp\cc7YGWNk.debug.temp.o
 .debug_macro   0x000014dc      0xe22 C:\Users\z\AppData\Local\Temp\cc7YGWNk.debug.temp.o
 .debug_macro   0x000022fe       0xe2 C:\Users\z\AppData\Local\Temp\cc7YGWNk.debug.temp.o
 .debug_macro   0x000023e0       0x1c C:\Users\z\AppData\Local\Temp\cc7YGWNk.debug.temp.o
 .debug_macro   0x000023fc     0x2963 C:\Users\z\AppData\Local\Temp\cc7YGWNk.debug.temp.o
 .debug_macro   0x00004d5f       0x52 C:\Users\z\AppData\Local\Temp\cc7YGWNk.debug.temp.o
 .debug_macro   0x00004db1       0x18 C:\Users\z\AppData\Local\Temp\cc7YGWNk.debug.temp.o
 .debug_macro   0x00004dc9       0x3c C:\Users\z\AppData\Local\Temp\cc7YGWNk.debug.temp.o
 .debug_macro   0x00004e05       0x34 C:\Users\z\AppData\Local\Temp\cc7YGWNk.debug.temp.o
 .debug_macro   0x00004e39       0x16 C:\Users\z\AppData\Local\Temp\cc7YGWNk.debug.temp.o
 .debug_macro   0x00004e4f       0x97 C:\Users\z\AppData\Local\Temp\cc7YGWNk.debug.temp.o
 .debug_macro   0x00004ee6      0x356 C:\Users\z\AppData\Local\Temp\cc7YGWNk.debug.temp.o
 .debug_macro   0x0000523c       0xf6 C:\Users\z\AppData\Local\Temp\cc7YGWNk.debug.temp.o
 .debug_macro   0x00005332       0x10 C:\Users\z\AppData\Local\Temp\cc7YGWNk.debug.temp.o
 .debug_macro   0x00005342       0x16 C:\Users\z\AppData\Local\Temp\cc7YGWNk.debug.temp.o
 .debug_macro   0x00005358       0x43 C:\Users\z\AppData\Local\Temp\cc7YGWNk.debug.temp.o
 .debug_macro   0x0000539b       0x34 C:\Users\z\AppData\Local\Temp\cc7YGWNk.debug.temp.o
 .debug_macro   0x000053cf       0x10 C:\Users\z\AppData\Local\Temp\cc7YGWNk.debug.temp.o
 .debug_macro   0x000053df       0x58 C:\Users\z\AppData\Local\Temp\cc7YGWNk.debug.temp.o
 .debug_macro   0x00005437       0x71 C:\Users\z\AppData\Local\Temp\cc7YGWNk.debug.temp.o
 .debug_macro   0x000054a8       0x16 C:\Users\z\AppData\Local\Temp\cc7YGWNk.debug.temp.o
 .debug_macro   0x000054be      0x12a C:\Users\z\AppData\Local\Temp\cc7YGWNk.debug.temp.o
 .debug_macro   0x000055e8       0x10 C:\Users\z\AppData\Local\Temp\cc7YGWNk.debug.temp.o
 .debug_macro   0x000055f8       0x1c C:\Users\z\AppData\Local\Temp\cc7YGWNk.debug.temp.o
 .debug_macro   0x00005614       0x52 C:\Users\z\AppData\Local\Temp\cc7YGWNk.debug.temp.o
 .debug_macro   0x00005666       0x22 C:\Users\z\AppData\Local\Temp\cc7YGWNk.debug.temp.o
 .debug_macro   0x00005688       0x10 C:\Users\z\AppData\Local\Temp\cc7YGWNk.debug.temp.o
 .debug_macro   0x00005698       0x40 C:\Users\z\AppData\Local\Temp\cc7YGWNk.debug.temp.o
 .debug_macro   0x000056d8       0xd5 C:\Users\z\AppData\Local\Temp\cc7YGWNk.debug.temp.o
 .debug_macro   0x000057ad       0x1c C:\Users\z\AppData\Local\Temp\cc7YGWNk.debug.temp.o
 .debug_macro   0x000057c9       0x3d C:\Users\z\AppData\Local\Temp\cc7YGWNk.debug.temp.o
 .debug_macro   0x00005806       0x16 C:\Users\z\AppData\Local\Temp\cc7YGWNk.debug.temp.o
 .debug_macro   0x0000581c      0x145 C:\Users\z\AppData\Local\Temp\cc7YGWNk.debug.temp.o
 .debug_macro   0x00005961       0xe8 C:\Users\z\AppData\Local\Temp\cc7YGWNk.debug.temp.o
 .debug_macro   0x00005a49       0x1c C:\Users\z\AppData\Local\Temp\cc7YGWNk.debug.temp.o
 .debug_macro   0x00005a65       0x3a C:\Users\z\AppData\Local\Temp\cc7YGWNk.debug.temp.o
 .debug_macro   0x00005a9f       0x10 C:\Users\z\AppData\Local\Temp\cc7YGWNk.debug.temp.o
 .debug_macro   0x00005aaf       0x34 C:\Users\z\AppData\Local\Temp\cc7YGWNk.debug.temp.o
 .debug_macro   0x00005ae3      0x2e8 C:\Users\z\AppData\Local\Temp\cc7YGWNk.debug.temp.o
 .debug_macro   0x00005dcb       0x19 C:\Users\z\AppData\Local\Temp\cc7YGWNk.debug.temp.o
 .debug_macro   0x00005de4       0x16 C:\Users\z\AppData\Local\Temp\cc7YGWNk.debug.temp.o
 .debug_macro   0x00005dfa       0x7c C:\Users\z\AppData\Local\Temp\cc7YGWNk.debug.temp.o
 .debug_macro   0x00005e76       0x16 C:\Users\z\AppData\Local\Temp\cc7YGWNk.debug.temp.o
 .debug_macro   0x00005e8c       0x35 C:\Users\z\AppData\Local\Temp\cc7YGWNk.debug.temp.o
 .debug_macro   0x00005ec1       0x22 C:\Users\z\AppData\Local\Temp\cc7YGWNk.debug.temp.o
 .debug_macro   0x00005ee3       0x10 C:\Users\z\AppData\Local\Temp\cc7YGWNk.debug.temp.o
 .debug_macro   0x00005ef3      0x2c8 C:\Users\z\AppData\Local\Temp\cc7YGWNk.debug.temp.o
 .debug_macro   0x000061bb       0x52 C:\Users\z\AppData\Local\Temp\cc7YGWNk.debug.temp.o
 .debug_macro   0x0000620d       0x2e C:\Users\z\AppData\Local\Temp\cc7YGWNk.debug.temp.o
 .debug_macro   0x0000623b       0x7c C:\Users\z\AppData\Local\Temp\cc7YGWNk.debug.temp.o
 .debug_macro   0x000062b7      0x13a C:\Users\z\AppData\Local\Temp\cc7YGWNk.debug.temp.o
 .debug_macro   0x000063f1      0x202 C:\Users\z\AppData\Local\Temp\cc7YGWNk.debug.temp.o
 .debug_macro   0x000065f3      0x283 C:\Users\z\AppData\Local\Temp\cc7YGWNk.debug.temp.o
 .debug_macro   0x00006876       0x34 C:\Users\z\AppData\Local\Temp\cc7YGWNk.debug.temp.o
 .debug_macro   0x000068aa       0x47 C:\Users\z\AppData\Local\Temp\cc7YGWNk.debug.temp.o
 .debug_macro   0x000068f1       0x10 C:\Users\z\AppData\Local\Temp\cc7YGWNk.debug.temp.o
 .debug_macro   0x00006901      0x145 C:\Users\z\AppData\Local\Temp\cc7YGWNk.debug.temp.o
 .debug_macro   0x00006a46       0x19 C:\Users\z\AppData\Local\Temp\cc7YGWNk.debug.temp.o
 .debug_macro   0x00006a5f       0x40 C:\Users\z\AppData\Local\Temp\cc7YGWNk.debug.temp.o
 .debug_macro   0x00006a9f       0x10 C:\Users\z\AppData\Local\Temp\cc7YGWNk.debug.temp.o
 .debug_macro   0x00006aaf       0x33 C:\Users\z\AppData\Local\Temp\cc7YGWNk.debug.temp.o
 .debug_macro   0x00006ae2       0x10 C:\Users\z\AppData\Local\Temp\cc7YGWNk.debug.temp.o
 .debug_macro   0x00006af2      0x365 C:\Users\z\AppData\Local\Temp\ccqMPcjK.debug.temp.o
 .debug_macro   0x00006e57      0xb44 C:\Users\z\AppData\Local\Temp\ccqMPcjK.debug.temp.o
 .debug_macro   0x0000799b       0x58 C:\Users\z\AppData\Local\Temp\ccqMPcjK.debug.temp.o
 .debug_macro   0x000079f3       0x4c C:\Users\z\AppData\Local\Temp\ccqMPcjK.debug.temp.o
 .debug_macro   0x00007a3f       0x94 C:\Users\z\AppData\Local\Temp\ccqMPcjK.debug.temp.o
 .debug_macro   0x00007ad3       0x57 C:\Users\z\AppData\Local\Temp\ccqMPcjK.debug.temp.o
 .debug_macro   0x00007b2a       0x42 C:\Users\z\AppData\Local\Temp\ccqMPcjK.debug.temp.o